mkdir: cannot create directory ‘/root/.config’: File exists
  % Total    % Received % Xferd  Average Speed   Time    Time     Time  Current
                                 Dload  Upload   Total   Spent    Left  Speed
  0     0    0     0    0     0      0      0 --:--:-- --:--:-- --:--:--     0100  3704  100  3704    0     0   6771      0 --:--:-- --:--:-- --:--:--  6771
  % Total    % Received % Xferd  Average Speed   Time    Time     Time  Current
                                 Dload  Upload   Total   Spent    Left  Speed
  0     0    0     0    0     0      0      0 --:--:-- --:--:-- --:--:--     0  0     0    0     0    0     0      0      0 --:--:-- --:--:-- --:--:--     0100   664  100   664    0     0   2397      0 --:--:-- --:--:-- --:--:--  2388
100 4392k  100 4392k    0     0  4698k      0 --:--:-- --:--:-- --:--:-- 4698k
Cloning into 'config-micro'...
Cloning into 'config-i3'...
Cloning into 'sweet-i3bar'...
--2021-12-20 19:20:08--  https://dl.google.com/linux/direct/google-chrome-stable_current_amd64.deb
Resolving dl.google.com (dl.google.com)... 2a00:1450:4010:c0b::88, 2a00:1450:4010:c0b::5b, 2a00:1450:4010:c0b::be, ...
Connecting to dl.google.com (dl.google.com)|2a00:1450:4010:c0b::88|:443... connected.
HTTP request sent, awaiting response... 200 OK
Length: 89348996 (85M) [application/x-debian-package]
Saving to: ‘google-chrome-stable_current_amd64.deb’

     0K .......... .......... .......... .......... ..........  0% 1.19M 71s
    50K .......... .......... .......... .......... ..........  0% 2.57M 52s
   100K .......... .......... .......... .......... ..........  0% 3.75M 42s
   150K .......... .......... .......... .......... ..........  0% 6.09M 35s
   200K .......... .......... .......... .......... ..........  0% 6.68M 31s
   250K .......... .......... .......... .......... ..........  0% 8.49M 27s
   300K .......... .......... .......... .......... ..........  0% 9.67M 25s
   350K .......... .......... .......... .......... ..........  0% 12.1M 22s
   400K .......... .......... .......... .......... ..........  0% 13.2M 21s
   450K .......... .......... .......... .......... ..........  0% 14.3M 19s
   500K .......... .......... .......... .......... ..........  0% 17.0M 18s
   550K .......... .......... .......... .......... ..........  0% 19.1M 17s
   600K .......... .......... .......... .......... ..........  0% 21.5M 16s
   650K .......... .......... .......... .......... ..........  0% 20.9M 15s
   700K .......... .......... .......... .......... ..........  0% 19.9M 14s
   750K .......... .......... .......... .......... ..........  0% 24.6M 13s
   800K .......... .......... .......... .......... ..........  0% 31.2M 13s
   850K .......... .......... .......... .......... ..........  1% 23.7M 12s
   900K .......... .......... .......... .......... ..........  1% 30.7M 12s
   950K .......... .......... .......... .......... ..........  1% 31.6M 11s
  1000K .......... .......... .......... .......... ..........  1% 27.9M 11s
  1050K .......... .......... .......... .......... ..........  1% 31.6M 11s
  1100K .......... .......... .......... .......... ..........  1% 33.4M 10s
  1150K .......... .......... .......... .......... ..........  1% 33.3M 10s
  1200K .......... .......... .......... .......... ..........  1% 33.8M 10s
  1250K .......... .......... .......... .......... ..........  1% 33.9M 9s
  1300K .......... .......... .......... .......... ..........  1% 33.8M 9s
  1350K .......... .......... .......... .......... ..........  1% 33.4M 9s
  1400K .......... .......... .......... .......... ..........  1% 33.6M 9s
  1450K .......... .......... .......... .......... ..........  1% 33.0M 8s
  1500K .......... .......... .......... .......... ..........  1% 33.5M 8s
  1550K .......... .......... .......... .......... ..........  1% 36.5M 8s
  1600K .......... .......... .......... .......... ..........  1% 34.8M 8s
  1650K .......... .......... .......... .......... ..........  1% 34.0M 8s
  1700K .......... .......... .......... .......... ..........  2% 34.1M 7s
  1750K .......... .......... .......... .......... ..........  2% 34.4M 7s
  1800K .......... .......... .......... .......... ..........  2% 34.8M 7s
  1850K .......... .......... .......... .......... ..........  2% 37.1M 7s
  1900K .......... .......... .......... .......... ..........  2% 39.9M 7s
  1950K .......... .......... .......... .......... ..........  2% 38.3M 7s
  2000K .......... .......... .......... .......... ..........  2% 37.1M 7s
  2050K .......... .......... .......... .......... ..........  2% 83.8M 7s
  2100K .......... .......... .......... .......... ..........  2% 85.6M 6s
  2150K .......... .......... .......... .......... ..........  2% 75.7M 6s
  2200K .......... .......... .......... .......... ..........  2% 84.4M 6s
  2250K .......... .......... .......... .......... ..........  2% 90.7M 6s
  2300K .......... .......... .......... .......... ..........  2% 89.9M 6s
  2350K .......... .......... .......... .......... ..........  2% 76.9M 6s
  2400K .......... .......... .......... .......... ..........  2% 91.9M 6s
  2450K .......... .......... .......... .......... ..........  2% 89.8M 6s
  2500K .......... .......... .......... .......... ..........  2% 89.2M 6s
  2550K .......... .......... .......... .......... ..........  2% 78.7M 5s
  2600K .......... .......... .......... .......... ..........  3% 95.5M 5s
  2650K .......... .......... .......... .......... ..........  3% 94.0M 5s
  2700K .......... .......... .......... .......... ..........  3%  100M 5s
  2750K .......... .......... .......... .......... ..........  3% 84.3M 5s
  2800K .......... .......... .......... .......... ..........  3% 94.9M 5s
  2850K .......... .......... .......... .......... ..........  3% 99.5M 5s
  2900K .......... .......... .......... .......... ..........  3%  102M 5s
  2950K .......... .......... .......... .......... ..........  3% 86.6M 5s
  3000K .......... .......... .......... .......... ..........  3% 98.9M 5s
  3050K .......... .......... .......... .......... ..........  3%  101M 5s
  3100K .......... .......... .......... .......... ..........  3%  102M 5s
  3150K .......... .......... .......... .......... ..........  3% 84.9M 5s
  3200K .......... .......... .......... .......... ..........  3% 97.8M 5s
  3250K .......... .......... .......... .......... ..........  3%  103M 4s
  3300K .......... .......... .......... .......... ..........  3%  100M 4s
  3350K .......... .......... .......... .......... ..........  3% 91.2M 4s
  3400K .......... .......... .......... .......... ..........  3%  108M 4s
  3450K .......... .......... .......... .......... ..........  4%  105M 4s
  3500K .......... .......... .......... .......... ..........  4%  106M 4s
  3550K .......... .......... .......... .......... ..........  4% 85.8M 4s
  3600K .......... .......... .......... .......... ..........  4%  107M 4s
  3650K .......... .......... .......... .......... ..........  4%  108M 4s
  3700K .......... .......... .......... .......... ..........  4%  105M 4s
  3750K .......... .......... .......... .......... ..........  4% 93.1M 4s
  3800K .......... .......... .......... .......... ..........  4%  112M 4s
  3850K .......... .......... .......... .......... ..........  4%  111M 4s
  3900K .......... .......... .......... .......... ..........  4%  113M 4s
  3950K .......... .......... .......... .......... ..........  4% 90.7M 4s
  4000K .......... .......... .......... .......... ..........  4%  110M 4s
  4050K .......... .......... .......... .......... ..........  4%  113M 4s
  4100K .......... .......... .......... .......... ..........  4%  112M 4s
  4150K .......... .......... .......... .......... ..........  4% 95.4M 4s
  4200K .......... .......... .......... .......... ..........  4%  113M 4s
  4250K .......... .......... .......... .......... ..........  4%  116M 4s
  4300K .......... .......... .......... .......... ..........  4%  114M 4s
  4350K .......... .......... .......... .......... ..........  5% 96.2M 3s
  4400K .......... .......... .......... .......... ..........  5%  116M 3s
  4450K .......... .......... .......... .......... ..........  5%  113M 3s
  4500K .......... .......... .......... .......... ..........  5%  118M 3s
  4550K .......... .......... .......... .......... ..........  5%  104M 3s
  4600K .......... .......... .......... .......... ..........  5%  114M 3s
  4650K .......... .......... .......... .......... ..........  5%  118M 3s
  4700K .......... .......... .......... .......... ..........  5%  126M 3s
  4750K .......... .......... .......... .......... ..........  5%  104M 3s
  4800K .......... .......... .......... .......... ..........  5%  127M 3s
  4850K .......... .......... .......... .......... ..........  5%  125M 3s
  4900K .......... .......... .......... .......... ..........  5%  128M 3s
  4950K .......... .......... .......... .......... ..........  5%  111M 3s
  5000K .......... .......... .......... .......... ..........  5%  128M 3s
  5050K .......... .......... .......... .......... ..........  5%  126M 3s
  5100K .......... .......... .......... .......... ..........  5%  123M 3s
  5150K .......... .......... .......... .......... ..........  5%  106M 3s
  5200K .......... .......... .......... .......... ..........  6%  131M 3s
  5250K .......... .......... .......... .......... ..........  6%  131M 3s
  5300K .......... .......... .......... .......... ..........  6%  131M 3s
  5350K .......... .......... .......... .......... ..........  6%  120M 3s
  5400K .......... .......... .......... .......... ..........  6%  132M 3s
  5450K .......... .......... .......... .......... ..........  6%  128M 3s
  5500K .......... .......... .......... .......... ..........  6%  130M 3s
  5550K .......... .......... .......... .......... ..........  6%  109M 3s
  5600K .......... .......... .......... .......... ..........  6%  133M 3s
  5650K .......... .......... .......... .......... ..........  6%  127M 3s
  5700K .......... .......... .......... .......... ..........  6%  136M 3s
  5750K .......... .......... .......... .......... ..........  6%  126M 3s
  5800K .......... .......... .......... .......... ..........  6%  139M 3s
  5850K .......... .......... .......... .......... ..........  6%  138M 3s
  5900K .......... .......... .......... .......... ..........  6%  138M 3s
  5950K .......... .......... .......... .......... ..........  6%  111M 3s
  6000K .......... .......... .......... .......... ..........  6%  136M 3s
  6050K .......... .......... .......... .......... ..........  6%  138M 3s
  6100K .......... .......... .......... .......... ..........  7%  138M 3s
  6150K .......... .......... .......... .......... ..........  7%  118M 3s
  6200K .......... .......... .......... .......... ..........  7%  138M 3s
  6250K .......... .......... .......... .......... ..........  7%  140M 3s
  6300K .......... .......... .......... .......... ..........  7%  141M 3s
  6350K .......... .......... .......... .......... ..........  7%  119M 3s
  6400K .......... .......... .......... .......... ..........  7%  141M 3s
  6450K .......... .......... .......... .......... ..........  7%  138M 3s
  6500K .......... .......... .......... .......... ..........  7%  140M 2s
  6550K .......... .......... .......... .......... ..........  7%  126M 2s
  6600K .......... .......... .......... .......... ..........  7%  141M 2s
  6650K .......... .......... .......... .......... ..........  7%  144M 2s
  6700K .......... .......... .......... .......... ..........  7%  142M 2s
  6750K .......... .......... .......... .......... ..........  7%  115M 2s
  6800K .......... .......... .......... .......... ..........  7%  147M 2s
  6850K .......... .......... .......... .......... ..........  7%  144M 2s
  6900K .......... .......... .......... .......... ..........  7%  145M 2s
  6950K .......... .......... .......... .......... ..........  8%  132M 2s
  7000K .......... .......... .......... .......... ..........  8%  147M 2s
  7050K .......... .......... .......... .......... ..........  8%  148M 2s
  7100K .......... .......... .......... .......... ..........  8%  150M 2s
  7150K .......... .......... .......... .......... ..........  8%  121M 2s
  7200K .......... .......... .......... .......... ..........  8%  144M 2s
  7250K .......... .......... .......... .......... ..........  8%  148M 2s
  7300K .......... .......... .......... .......... ..........  8%  142M 2s
  7350K .......... .......... .......... .......... ..........  8%  134M 2s
  7400K .......... .......... .......... .......... ..........  8%  155M 2s
  7450K .......... .......... .......... .......... ..........  8%  152M 2s
  7500K .......... .......... .......... .......... ..........  8%  153M 2s
  7550K .......... .......... .......... .......... ..........  8%  129M 2s
  7600K .......... .......... .......... .......... ..........  8%  154M 2s
  7650K .......... .......... .......... .......... ..........  8%  150M 2s
  7700K .......... .......... .......... .......... ..........  8%  149M 2s
  7750K .......... .......... .......... .......... ..........  8%  138M 2s
  7800K .......... .......... .......... .......... ..........  8%  151M 2s
  7850K .......... .......... .......... .......... ..........  9%  154M 2s
  7900K .......... .......... .......... .......... ..........  9%  147M 2s
  7950K .......... .......... .......... .......... ..........  9%  128M 2s
  8000K .......... .......... .......... .......... ..........  9%  116M 2s
  8050K .......... .......... .......... .......... ..........  9%  150M 2s
  8100K .......... .......... .......... .......... ..........  9%  101M 2s
  8150K .......... .......... .......... .......... ..........  9%  105M 2s
  8200K .......... .......... .......... .......... ..........  9%  122M 2s
  8250K .......... .......... .......... .......... ..........  9% 97.3M 2s
  8300K .......... .......... .......... .......... ..........  9%  143M 2s
  8350K .......... .......... .......... .......... ..........  9% 86.8M 2s
  8400K .......... .......... .......... .......... ..........  9%  117M 2s
  8450K .......... .......... .......... .......... ..........  9%  108M 2s
  8500K .......... .......... .......... .......... ..........  9%  101M 2s
  8550K .......... .......... .......... .......... ..........  9%  127M 2s
  8600K .......... .......... .......... .......... ..........  9%  101M 2s
  8650K .......... .......... .......... .......... ..........  9%  112M 2s
  8700K .......... .......... .......... .......... .......... 10%  128M 2s
  8750K .......... .......... .......... .......... .......... 10% 85.4M 2s
  8800K .......... .......... .......... .......... .......... 10%  110M 2s
  8850K .......... .......... .......... .......... .......... 10%  108M 2s
  8900K .......... .......... .......... .......... .......... 10%  140M 2s
  8950K .......... .......... .......... .......... .......... 10% 87.7M 2s
  9000K .......... .......... .......... .......... .......... 10%  149M 2s
  9050K .......... .......... .......... .......... .......... 10% 91.6M 2s
  9100K .......... .......... .......... .......... .......... 10%  151M 2s
  9150K .......... .......... .......... .......... .......... 10% 83.0M 2s
  9200K .......... .......... .......... .......... .......... 10%  131M 2s
  9250K .......... .......... .......... .......... .......... 10%  106M 2s
  9300K .......... .......... .......... .......... .......... 10%  112M 2s
  9350K .......... .......... .......... .......... .......... 10%  108M 2s
  9400K .......... .......... .......... .......... .......... 10% 95.7M 2s
  9450K .......... .......... .......... .......... .......... 10%  148M 2s
  9500K .......... .......... .......... .......... .......... 10% 94.8M 2s
  9550K .......... .......... .......... .......... .......... 11%  109M 2s
  9600K .......... .......... .......... .......... .......... 11% 96.7M 2s
  9650K .......... .......... .......... .......... .......... 11%  108M 2s
  9700K .......... .......... .......... .......... .......... 11%  143M 2s
  9750K .......... .......... .......... .......... .......... 11% 98.4M 2s
  9800K .......... .......... .......... .......... .......... 11%  124M 2s
  9850K .......... .......... .......... .......... .......... 11%  107M 2s
  9900K .......... .......... .......... .......... .......... 11%  123M 2s
  9950K .......... .......... .......... .......... .......... 11% 79.4M 2s
 10000K .......... .......... .......... .......... .......... 11%  123M 2s
 10050K .......... .......... .......... .......... .......... 11%  117M 2s
 10100K .......... .......... .......... .......... .......... 11%  110M 2s
 10150K .......... .......... .......... .......... .......... 11%  117M 2s
 10200K .......... .......... .......... .......... .......... 11% 93.4M 2s
 10250K .......... .......... .......... .......... .......... 11%  148M 2s
 10300K .......... .......... .......... .......... .......... 11% 96.4M 2s
 10350K .......... .......... .......... .......... .......... 11% 96.1M 2s
 10400K .......... .......... .......... .......... .......... 11%  115M 2s
 10450K .......... .......... .......... .......... .......... 12%  111M 2s
 10500K .......... .......... .......... .......... .......... 12%  117M 2s
 10550K .......... .......... .......... .......... .......... 12%  105M 2s
 10600K .......... .......... .......... .......... .......... 12%  110M 2s
 10650K .......... .......... .......... .......... .......... 12%  105M 2s
 10700K .......... .......... .......... .......... .......... 12%  108M 2s
 10750K .......... .......... .......... .......... .......... 12% 97.9M 2s
 10800K .......... .......... .......... .......... .......... 12%  116M 2s
 10850K .......... .......... .......... .......... .......... 12%  112M 2s
 10900K .......... .......... .......... .......... .......... 12%  118M 2s
 10950K .......... .......... .......... .......... .......... 12%  105M 2s
 11000K .......... .......... .......... .......... .......... 12%  119M 2s
 11050K .......... .......... .......... .......... .......... 12%  108M 2s
 11100K .......... .......... .......... .......... .......... 12%  118M 2s
 11150K .......... .......... .......... .......... .......... 12% 91.1M 2s
 11200K .......... .......... .......... .......... .......... 12%  116M 2s
 11250K .......... .......... .......... .......... .......... 12%  113M 2s
 11300K .......... .......... .......... .......... .......... 13%  117M 2s
 11350K .......... .......... .......... .......... .......... 13%  102M 2s
 11400K .......... .......... .......... .......... .......... 13% 96.5M 2s
 11450K .......... .......... .......... .......... .......... 13%  135M 2s
 11500K .......... .......... .......... .......... .......... 13%  111M 2s
 11550K .......... .......... .......... .......... .......... 13% 97.2M 2s
 11600K .......... .......... .......... .......... .......... 13% 99.1M 2s
 11650K .......... .......... .......... .......... .......... 13%  141M 2s
 11700K .......... .......... .......... .......... .......... 13%  108M 2s
 11750K .......... .......... .......... .......... .......... 13% 77.5M 2s
 11800K .......... .......... .......... .......... .......... 13%  102M 2s
 11850K .......... .......... .......... .......... .......... 13% 98.8M 2s
 11900K .......... .......... .......... .......... .......... 13%  165M 2s
 11950K .......... .......... .......... .......... .......... 13% 77.4M 2s
 12000K .......... .......... .......... .......... .......... 13%  146M 2s
 12050K .......... .......... .......... .......... .......... 13%  115M 2s
 12100K .......... .......... .......... .......... .......... 13%  100M 2s
 12150K .......... .......... .......... .......... .......... 13%  150M 2s
 12200K .......... .......... .......... .......... .......... 14% 85.3M 2s
 12250K .......... .......... .......... .......... .......... 14%  120M 2s
 12300K .......... .......... .......... .......... .......... 14%  104M 2s
 12350K .......... .......... .......... .......... .......... 14% 95.7M 2s
 12400K .......... .......... .......... .......... .......... 14%  102M 2s
 12450K .......... .......... .......... .......... .......... 14%  148M 2s
 12500K .......... .......... .......... .......... .......... 14% 89.6M 2s
 12550K .......... .......... .......... .......... .......... 14%  128M 2s
 12600K .......... .......... .......... .......... .......... 14%  139M 1s
 12650K .......... .......... .......... .......... .......... 14% 89.4M 1s
 12700K .......... .......... .......... .......... .......... 14%  126M 1s
 12750K .......... .......... .......... .......... .......... 14% 83.3M 1s
 12800K .......... .......... .......... .......... .......... 14%  131M 1s
 12850K .......... .......... .......... .......... .......... 14%  108M 1s
 12900K .......... .......... .......... .......... .......... 14%  116M 1s
 12950K .......... .......... .......... .......... .......... 14% 90.1M 1s
 13000K .......... .......... .......... .......... .......... 14%  153M 1s
 13050K .......... .......... .......... .......... .......... 15%  121M 1s
 13100K .......... .......... .......... .......... .......... 15% 95.3M 1s
 13150K .......... .......... .......... .......... .......... 15%  108M 1s
 13200K .......... .......... .......... .......... .......... 15% 92.0M 1s
 13250K .......... .......... .......... .......... .......... 15%  155M 1s
 13300K .......... .......... .......... .......... .......... 15% 95.0M 1s
 13350K .......... .......... .......... .......... .......... 15%  108M 1s
 13400K .......... .......... .......... .......... .......... 15% 97.1M 1s
 13450K .......... .......... .......... .......... .......... 15%  123M 1s
 13500K .......... .......... .......... .......... .......... 15% 92.7M 1s
 13550K .......... .......... .......... .......... .......... 15%  113M 1s
 13600K .......... .......... .......... .......... .......... 15% 98.1M 1s
 13650K .......... .......... .......... .......... .......... 15%  148M 1s
 13700K .......... .......... .......... .......... .......... 15%  114M 1s
 13750K .......... .......... .......... .......... .......... 15% 81.8M 1s
 13800K .......... .......... .......... .......... .......... 15%  157M 1s
 13850K .......... .......... .......... .......... .......... 15% 91.0M 1s
 13900K .......... .......... .......... .......... .......... 15%  161M 1s
 13950K .......... .......... .......... .......... .......... 16% 70.5M 1s
 14000K .......... .......... .......... .......... .......... 16%  164M 1s
 14050K .......... .......... .......... .......... .......... 16% 87.4M 1s
 14100K .......... .......... .......... .......... .......... 16%  147M 1s
 14150K .......... .......... .......... .......... .......... 16%  139M 1s
 14200K .......... .......... .......... .......... .......... 16% 84.0M 1s
 14250K .......... .......... .......... .......... .......... 16%  163M 1s
 14300K .......... .......... .......... .......... .......... 16% 83.4M 1s
 14350K .......... .......... .......... .......... .......... 16%  137M 1s
 14400K .......... .......... .......... .......... .......... 16% 94.1M 1s
 14450K .......... .......... .......... .......... .......... 16% 96.0M 1s
 14500K .......... .......... .......... .......... .......... 16% 95.0M 1s
 14550K .......... .......... .......... .......... .......... 16%  134M 1s
 14600K .......... .......... .......... .......... .......... 16%  159M 1s
 14650K .......... .......... .......... .......... .......... 16% 88.1M 1s
 14700K .......... .......... .......... .......... .......... 16%  161M 1s
 14750K .......... .......... .......... .......... .......... 16% 75.1M 1s
 14800K .......... .......... .......... .......... .......... 17%  167M 1s
 14850K .......... .......... .......... .......... .......... 17% 88.0M 1s
 14900K .......... .......... .......... .......... .......... 17%  150M 1s
 14950K .......... .......... .......... .......... .......... 17% 96.4M 1s
 15000K .......... .......... .......... .......... .......... 17%  100M 1s
 15050K .......... .......... .......... .......... .......... 17%  159M 1s
 15100K .......... .......... .......... .......... .......... 17% 92.8M 1s
 15150K .......... .......... .......... .......... .......... 17% 98.6M 1s
 15200K .......... .......... .......... .......... .......... 17%  112M 1s
 15250K .......... .......... .......... .......... .......... 17%  114M 1s
 15300K .......... .......... .......... .......... .......... 17% 96.8M 1s
 15350K .......... .......... .......... .......... .......... 17%  139M 1s
 15400K .......... .......... .......... .......... .......... 17%  111M 1s
 15450K .......... .......... .......... .......... .......... 17% 89.9M 1s
 15500K .......... .......... .......... .......... .......... 17%  146M 1s
 15550K .......... .......... .......... .......... .......... 17% 84.1M 1s
 15600K .......... .......... .......... .......... .......... 17%  148M 1s
 15650K .......... .......... .......... .......... .......... 17% 87.8M 1s
 15700K .......... .......... .......... .......... .......... 18%  162M 1s
 15750K .......... .......... .......... .......... .......... 18% 87.2M 1s
 15800K .......... .......... .......... .......... .......... 18%  102M 1s
 15850K .......... .......... .......... .......... .......... 18%  101M 1s
 15900K .......... .......... .......... .......... .......... 18%  163M 1s
 15950K .......... .......... .......... .......... .......... 18%  101M 1s
 16000K .......... .......... .......... .......... .......... 18% 91.7M 1s
 16050K .......... .......... .......... .......... .......... 18%  163M 1s
 16100K .......... .......... .......... .......... .......... 18% 92.5M 1s
 16150K .......... .......... .......... .......... .......... 18%  117M 1s
 16200K .......... .......... .......... .......... .......... 18% 90.6M 1s
 16250K .......... .......... .......... .......... .......... 18%  151M 1s
 16300K .......... .......... .......... .......... .......... 18%  100M 1s
 16350K .......... .......... .......... .......... .......... 18%  104M 1s
 16400K .......... .......... .......... .......... .......... 18% 99.6M 1s
 16450K .......... .......... .......... .......... .......... 18%  101M 1s
 16500K .......... .......... .......... .......... .......... 18%  153M 1s
 16550K .......... .......... .......... .......... .......... 19% 95.0M 1s
 16600K .......... .......... .......... .......... .......... 19%  157M 1s
 16650K .......... .......... .......... .......... .......... 19% 83.0M 1s
 16700K .......... .......... .......... .......... .......... 19%  149M 1s
 16750K .......... .......... .......... .......... .......... 19% 69.0M 1s
 16800K .......... .......... .......... .......... .......... 19%  159M 1s
 16850K .......... .......... .......... .......... .......... 19% 95.2M 1s
 16900K .......... .......... .......... .......... .......... 19%  144M 1s
 16950K .......... .......... .......... .......... .......... 19%  102M 1s
 17000K .......... .......... .......... .......... .......... 19%  109M 1s
 17050K .......... .......... .......... .......... .......... 19%  156M 1s
 17100K .......... .......... .......... .......... .......... 19% 84.6M 1s
 17150K .......... .......... .......... .......... .......... 19%  127M 1s
 17200K .......... .......... .......... .......... .......... 19% 86.3M 1s
 17250K .......... .......... .......... .......... .......... 19%  122M 1s
 17300K .......... .......... .......... .......... .......... 19% 97.1M 1s
 17350K .......... .......... .......... .......... .......... 19%  130M 1s
 17400K .......... .......... .......... .......... .......... 19%  111M 1s
 17450K .......... .......... .......... .......... .......... 20%  104M 1s
 17500K .......... .......... .......... .......... .......... 20%  156M 1s
 17550K .......... .......... .......... .......... .......... 20% 78.7M 1s
 17600K .......... .......... .......... .......... .......... 20%  152M 1s
 17650K .......... .......... .......... .......... .......... 20% 82.6M 1s
 17700K .......... .......... .......... .......... .......... 20%  156M 1s
 17750K .......... .......... .......... .......... .......... 20% 78.8M 1s
 17800K .......... .......... .......... .......... .......... 20%  157M 1s
 17850K .......... .......... .......... .......... .......... 20%  108M 1s
 17900K .......... .......... .......... .......... .......... 20%  107M 1s
 17950K .......... .......... .......... .......... .......... 20% 82.5M 1s
 18000K .......... .......... .......... .......... .......... 20%  149M 1s
 18050K .......... .......... .......... .......... .......... 20%  118M 1s
 18100K .......... .......... .......... .......... .......... 20% 95.5M 1s
 18150K .......... .......... .......... .......... .......... 20%  136M 1s
 18200K .......... .......... .......... .......... .......... 20% 90.3M 1s
 18250K .......... .......... .......... .......... .......... 20%  159M 1s
 18300K .......... .......... .......... .......... .......... 21%  102M 1s
 18350K .......... .......... .......... .......... .......... 21% 92.0M 1s
 18400K .......... .......... .......... .......... .......... 21% 89.7M 1s
 18450K .......... .......... .......... .......... .......... 21%  156M 1s
 18500K .......... .......... .......... .......... .......... 21%  104M 1s
 18550K .......... .......... .......... .......... .......... 21% 96.2M 1s
 18600K .......... .......... .......... .......... .......... 21%  158M 1s
 18650K .......... .......... .......... .......... .......... 21% 90.0M 1s
 18700K .......... .......... .......... .......... .......... 21%  162M 1s
 18750K .......... .......... .......... .......... .......... 21% 70.9M 1s
 18800K .......... .......... .......... .......... .......... 21%  143M 1s
 18850K .......... .......... .......... .......... .......... 21% 91.8M 1s
 18900K .......... .......... .......... .......... .......... 21%  153M 1s
 18950K .......... .......... .......... .......... .......... 21% 96.0M 1s
 19000K .......... .......... .......... .......... .......... 21%  107M 1s
 19050K .......... .......... .......... .......... .......... 21%  146M 1s
 19100K .......... .......... .......... .......... .......... 21%  101M 1s
 19150K .......... .......... .......... .......... .......... 22% 49.2M 1s
 19200K .......... .......... .......... .......... .......... 22% 88.1M 1s
 19250K .......... .......... .......... .......... .......... 22%  157M 1s
 19300K .......... .......... .......... .......... .......... 22% 86.8M 1s
 19350K .......... .......... .......... .......... .......... 22%  140M 1s
 19400K .......... .......... .......... .......... .......... 22%  119M 1s
 19450K .......... .......... .......... .......... .......... 22% 93.2M 1s
 19500K .......... .......... .......... .......... .......... 22%  162M 1s
 19550K .......... .......... .......... .......... .......... 22% 71.3M 1s
 19600K .......... .......... .......... .......... .......... 22%  150M 1s
 19650K .......... .......... .......... .......... .......... 22% 86.9M 1s
 19700K .......... .......... .......... .......... .......... 22% 97.1M 1s
 19750K .......... .......... .......... .......... .......... 22%  142M 1s
 19800K .......... .......... .......... .......... .......... 22%  104M 1s
 19850K .......... .......... .......... .......... .......... 22%  100M 1s
 19900K .......... .......... .......... .......... .......... 22%  151M 1s
 19950K .......... .......... .......... .......... .......... 22% 83.8M 1s
 20000K .......... .......... .......... .......... .......... 22%  110M 1s
 20050K .......... .......... .......... .......... .......... 23%  103M 1s
 20100K .......... .......... .......... .......... .......... 23%  144M 1s
 20150K .......... .......... .......... .......... .......... 23% 88.3M 1s
 20200K .......... .......... .......... .......... .......... 23%  123M 1s
 20250K .......... .......... .......... .......... .......... 23% 91.7M 1s
 20300K .......... .......... .......... .......... .......... 23%  157M 1s
 20350K .......... .......... .......... .......... .......... 23%  101M 1s
 20400K .......... .......... .......... .......... .......... 23% 92.7M 1s
 20450K .......... .......... .......... .......... .......... 23%  158M 1s
 20500K .......... .......... .......... .......... .......... 23% 94.2M 1s
 20550K .......... .......... .......... .......... .......... 23%  132M 1s
 20600K .......... .......... .......... .......... .......... 23% 87.1M 1s
 20650K .......... .......... .......... .......... .......... 23%  127M 1s
 20700K .......... .......... .......... .......... .......... 23% 89.9M 1s
 20750K .......... .......... .......... .......... .......... 23%  129M 1s
 20800K .......... .......... .......... .......... .......... 23%  125M 1s
 20850K .......... .......... .......... .......... .......... 23%  108M 1s
 20900K .......... .......... .......... .......... .......... 24%  109M 1s
 20950K .......... .......... .......... .......... .......... 24% 92.1M 1s
 21000K .......... .......... .......... .......... .......... 24%  156M 1s
 21050K .......... .......... .......... .......... .......... 24% 85.5M 1s
 21100K .......... .......... .......... .......... .......... 24%  136M 1s
 21150K .......... .......... .......... .......... .......... 24% 78.0M 1s
 21200K .......... .......... .......... .......... .......... 24%  157M 1s
 21250K .......... .......... .......... .......... .......... 24%  121M 1s
 21300K .......... .......... .......... .......... .......... 24% 92.2M 1s
 21350K .......... .......... .......... .......... .......... 24%  139M 1s
 21400K .......... .......... .......... .......... .......... 24% 89.1M 1s
 21450K .......... .......... .......... .......... .......... 24%  157M 1s
 21500K .......... .......... .......... .......... .......... 24% 99.7M 1s
 21550K .......... .......... .......... .......... .......... 24% 90.2M 1s
 21600K .......... .......... .......... .......... .......... 24% 92.8M 1s
 21650K .......... .......... .......... .......... .......... 24%  159M 1s
 21700K .......... .......... .......... .......... .......... 24%  114M 1s
 21750K .......... .......... .......... .......... .......... 24% 93.7M 1s
 21800K .......... .......... .......... .......... .......... 25%  125M 1s
 21850K .......... .......... .......... .......... .......... 25% 89.1M 1s
 21900K .......... .......... .......... .......... .......... 25%  159M 1s
 21950K .......... .......... .......... .......... .......... 25% 82.9M 1s
 22000K .......... .......... .......... .......... .......... 25%  161M 1s
 22050K .......... .......... .......... .......... .......... 25% 75.0M 1s
 22100K .......... .......... .......... .......... .......... 25%  163M 1s
 22150K .......... .......... .......... .......... .......... 25% 93.6M 1s
 22200K .......... .......... .......... .......... .......... 25%  139M 1s
 22250K .......... .......... .......... .......... .......... 25%  127M 1s
 22300K .......... .......... .......... .......... .......... 25% 89.1M 1s
 22350K .......... .......... .......... .......... .......... 25% 93.9M 1s
 22400K .......... .......... .......... .......... .......... 25%  105M 1s
 22450K .......... .......... .......... .......... .......... 25%  162M 1s
 22500K .......... .......... .......... .......... .......... 25% 86.4M 1s
 22550K .......... .......... .......... .......... .......... 25%  126M 1s
 22600K .......... .......... .......... .......... .......... 25% 86.6M 1s
 22650K .......... .......... .......... .......... .......... 26%  164M 1s
 22700K .......... .......... .......... .......... .......... 26%  103M 1s
 22750K .......... .......... .......... .......... .......... 26%  109M 1s
 22800K .......... .......... .......... .......... .......... 26%  107M 1s
 22850K .......... .......... .......... .......... .......... 26% 97.4M 1s
 22900K .......... .......... .......... .......... .......... 26%  164M 1s
 22950K .......... .......... .......... .......... .......... 26% 89.9M 1s
 23000K .......... .......... .......... .......... .......... 26%  100M 1s
 23050K .......... .......... .......... .......... .......... 26% 94.4M 1s
 23100K .......... .......... .......... .......... .......... 26%  162M 1s
 23150K .......... .......... .......... .......... .......... 26% 91.8M 1s
 23200K .......... .......... .......... .......... .......... 26%  109M 1s
 23250K .......... .......... .......... .......... .......... 26%  125M 1s
 23300K .......... .......... .......... .......... .......... 26%  100M 1s
 23350K .......... .......... .......... .......... .......... 26%  149M 1s
 23400K .......... .......... .......... .......... .......... 26% 85.4M 1s
 23450K .......... .......... .......... .......... .......... 26%  116M 1s
 23500K .......... .......... .......... .......... .......... 26% 90.5M 1s
 23550K .......... .......... .......... .......... .......... 27%  131M 1s
 23600K .......... .......... .......... .......... .......... 27%  101M 1s
 23650K .......... .......... .......... .......... .......... 27%  101M 1s
 23700K .......... .......... .......... .......... .......... 27%  146M 1s
 23750K .......... .......... .......... .......... .......... 27% 94.5M 1s
 23800K .......... .......... .......... .......... .......... 27%  105M 1s
 23850K .......... .......... .......... .......... .......... 27%  162M 1s
 23900K .......... .......... .......... .......... .......... 27% 88.7M 1s
 23950K .......... .......... .......... .......... .......... 27%  134M 1s
 24000K .......... .......... .......... .......... .......... 27% 85.2M 1s
 24050K .......... .......... .......... .......... .......... 27%  122M 1s
 24100K .......... .......... .......... .......... .......... 27% 96.9M 1s
 24150K .......... .......... .......... .......... .......... 27%  134M 1s
 24200K .......... .......... .......... .......... .......... 27%  106M 1s
 24250K .......... .......... .......... .......... .......... 27%  122M 1s
 24300K .......... .......... .......... .......... .......... 27%  115M 1s
 24350K .......... .......... .......... .......... .......... 27% 84.1M 1s
 24400K .......... .......... .......... .......... .......... 28%  162M 1s
 24450K .......... .......... .......... .......... .......... 28% 82.5M 1s
 24500K .......... .......... .......... .......... .......... 28%  152M 1s
 24550K .......... .......... .......... .......... .......... 28% 77.5M 1s
 24600K .......... .......... .......... .......... .......... 28%  164M 1s
 24650K .......... .......... .......... .......... .......... 28%  109M 1s
 24700K .......... .......... .......... .......... .......... 28%  109M 1s
 24750K .......... .......... .......... .......... .......... 28% 97.5M 1s
 24800K .......... .......... .......... .......... .......... 28%  110M 1s
 24850K .......... .......... .......... .......... .......... 28% 86.5M 1s
 24900K .......... .......... .......... .......... .......... 28%  148M 1s
 24950K .......... .......... .......... .......... .......... 28%  104M 1s
 25000K .......... .......... .......... .......... .......... 28% 97.1M 1s
 25050K .......... .......... .......... .......... .......... 28%  165M 1s
 25100K .......... .......... .......... .......... .......... 28% 87.9M 1s
 25150K .......... .......... .......... .......... .......... 28%  132M 1s
 25200K .......... .......... .......... .......... .......... 28%  121M 1s
 25250K .......... .......... .......... .......... .......... 28% 90.4M 1s
 25300K .......... .......... .......... .......... .......... 29% 90.3M 1s
 25350K .......... .......... .......... .......... .......... 29%  134M 1s
 25400K .......... .......... .......... .......... .......... 29%  109M 1s
 25450K .......... .......... .......... .......... .......... 29% 97.4M 1s
 25500K .......... .......... .......... .......... .......... 29%  165M 1s
 25550K .......... .......... .......... .......... .......... 29% 80.8M 1s
 25600K .......... .......... .......... .......... .......... 29%  161M 1s
 25650K .......... .......... .......... .......... .......... 29%  119M 1s
 25700K .......... .......... .......... .......... .......... 29% 91.1M 1s
 25750K .......... .......... .......... .......... .......... 29% 82.7M 1s
 25800K .......... .......... .......... .......... .......... 29%  164M 1s
 25850K .......... .......... .......... .......... .......... 29%  108M 1s
 25900K .......... .......... .......... .......... .......... 29% 95.7M 1s
 25950K .......... .......... .......... .......... .......... 29%  132M 1s
 26000K .......... .......... .......... .......... .......... 29% 91.1M 1s
 26050K .......... .......... .......... .......... .......... 29%  157M 1s
 26100K .......... .......... .......... .......... .......... 29%  119M 1s
 26150K .......... .......... .......... .......... .......... 30% 82.1M 1s
 26200K .......... .......... .......... .......... .......... 30%  111M 1s
 26250K .......... .......... .......... .......... .......... 30%  109M 1s
 26300K .......... .......... .......... .......... .......... 30%  159M 1s
 26350K .......... .......... .......... .......... .......... 30% 76.2M 1s
 26400K .......... .......... .......... .......... .......... 30%  132M 1s
 26450K .......... .......... .......... .......... .......... 30%  103M 1s
 26500K .......... .......... .......... .......... .......... 30%  130M 1s
 26550K .......... .......... .......... .......... .......... 30% 84.7M 1s
 26600K .......... .......... .......... .......... .......... 30%  152M 1s
 26650K .......... .......... .......... .......... .......... 30%  117M 1s
 26700K .......... .......... .......... .......... .......... 30% 95.1M 1s
 26750K .......... .......... .......... .......... .......... 30% 86.3M 1s
 26800K .......... .......... .......... .......... .......... 30%  144M 1s
 26850K .......... .......... .......... .......... .......... 30%  111M 1s
 26900K .......... .......... .......... .......... .......... 30% 97.8M 1s
 26950K .......... .......... .......... .......... .......... 30%  134M 1s
 27000K .......... .......... .......... .......... .......... 31% 90.3M 1s
 27050K .......... .......... .......... .......... .......... 31%  149M 1s
 27100K .......... .......... .......... .......... .......... 31%  116M 1s
 27150K .......... .......... .......... .......... .......... 31% 86.5M 1s
 27200K .......... .......... .......... .......... .......... 31% 88.8M 1s
 27250K .......... .......... .......... .......... .......... 31%  150M 1s
 27300K .......... .......... .......... .......... .......... 31%  116M 1s
 27350K .......... .......... .......... .......... .......... 31% 86.3M 1s
 27400K .......... .......... .......... .......... .......... 31%  164M 1s
 27450K .......... .......... .......... .......... .......... 31% 90.0M 1s
 27500K .......... .......... .......... .......... .......... 31%  155M 1s
 27550K .......... .......... .......... .......... .......... 31%  106M 1s
 27600K .......... .......... .......... .......... .......... 31% 90.8M 1s
 27650K .......... .......... .......... .......... .......... 31% 90.0M 1s
 27700K .......... .......... .......... .......... .......... 31%  150M 1s
 27750K .......... .......... .......... .......... .......... 31%  103M 1s
 27800K .......... .......... .......... .......... .......... 31% 95.3M 1s
 27850K .......... .......... .......... .......... .......... 31%  163M 1s
 27900K .......... .......... .......... .......... .......... 32% 90.4M 1s
 27950K .......... .......... .......... .......... .......... 32%  129M 1s
 28000K .......... .......... .......... .......... .......... 32%  119M 1s
 28050K .......... .......... .......... .......... .......... 32% 92.8M 1s
 28100K .......... .......... .......... .......... .......... 32% 90.2M 1s
 28150K .......... .......... .......... .......... .......... 32%  137M 1s
 28200K .......... .......... .......... .......... .......... 32%  111M 1s
 28250K .......... .......... .......... .......... .......... 32%  119M 1s
 28300K .......... .......... .......... .......... .......... 32%  115M 1s
 28350K .......... .......... .......... .......... .......... 32% 83.5M 1s
 28400K .......... .......... .......... .......... .......... 32%  159M 1s
 28450K .......... .......... .......... .......... .......... 32%  120M 1s
 28500K .......... .......... .......... .......... .......... 32% 93.3M 1s
 28550K .......... .......... .......... .......... .......... 32% 81.4M 1s
 28600K .......... .......... .......... .......... .......... 32%  163M 1s
 28650K .......... .......... .......... .......... .......... 32%  108M 1s
 28700K .......... .......... .......... .......... .......... 32%  118M 1s
 28750K .......... .......... .......... .......... .......... 33%  102M 1s
 28800K .......... .......... .......... .......... .......... 33% 94.7M 1s
 28850K .......... .......... .......... .......... .......... 33%  153M 1s
 28900K .......... .......... .......... .......... .......... 33%  119M 1s
 28950K .......... .......... .......... .......... .......... 33% 87.5M 1s
 29000K .......... .......... .......... .......... .......... 33% 86.7M 1s
 29050K .......... .......... .......... .......... .......... 33%  162M 1s
 29100K .......... .......... .......... .......... .......... 33% 92.6M 1s
 29150K .......... .......... .......... .......... .......... 33%  110M 1s
 29200K .......... .......... .......... .......... .......... 33%  112M 1s
 29250K .......... .......... .......... .......... .......... 33% 87.2M 1s
 29300K .......... .......... .......... .......... .......... 33%  149M 1s
 29350K .......... .......... .......... .......... .......... 33% 94.7M 1s
 29400K .......... .......... .......... .......... .......... 33%  158M 1s
 29450K .......... .......... .......... .......... .......... 33%  115M 1s
 29500K .......... .......... .......... .......... .......... 33% 95.2M 1s
 29550K .......... .......... .......... .......... .......... 33% 87.1M 1s
 29600K .......... .......... .......... .......... .......... 33%  144M 1s
 29650K .......... .......... .......... .......... .......... 34%  110M 1s
 29700K .......... .......... .......... .......... .......... 34%  107M 1s
 29750K .......... .......... .......... .......... .......... 34%  117M 1s
 29800K .......... .......... .......... .......... .......... 34% 92.0M 1s
 29850K .......... .......... .......... .......... .......... 34%  129M 1s
 29900K .......... .......... .......... .......... .......... 34% 90.5M 1s
 29950K .......... .......... .......... .......... .......... 34%  128M 1s
 30000K .......... .......... .......... .......... .......... 34% 87.4M 1s
 30050K .......... .......... .......... .......... .......... 34%  150M 1s
 30100K .......... .......... .......... .......... .......... 34%  118M 1s
 30150K .......... .......... .......... .......... .......... 34% 98.8M 1s
 30200K .......... .......... .......... .......... .......... 34%  126M 1s
 30250K .......... .......... .......... .......... .......... 34% 92.3M 1s
 30300K .......... .......... .......... .......... .......... 34%  139M 1s
 30350K .......... .......... .......... .......... .......... 34% 78.9M 1s
 30400K .......... .......... .......... .......... .......... 34%  153M 1s
 30450K .......... .......... .......... .......... .......... 34% 86.0M 1s
 30500K .......... .......... .......... .......... .......... 35%  147M 1s
 30550K .......... .......... .......... .......... .......... 35%  101M 1s
 30600K .......... .......... .......... .......... .......... 35%  123M 1s
 30650K .......... .......... .......... .......... .......... 35%  118M 1s
 30700K .......... .......... .......... .......... .......... 35% 83.5M 1s
 30750K .......... .......... .......... .......... .......... 35%  136M 1s
 30800K .......... .......... .......... .......... .......... 35% 82.8M 1s
 30850K .......... .......... .......... .......... .......... 35%  159M 1s
 30900K .......... .......... .......... .......... .......... 35% 82.2M 1s
 30950K .......... .......... .......... .......... .......... 35%  140M 1s
 31000K .......... .......... .......... .......... .......... 35%  155M 1s
 31050K .......... .......... .......... .......... .......... 35% 85.0M 1s
 31100K .......... .......... .......... .......... .......... 35%  159M 1s
 31150K .......... .......... .......... .......... .......... 35% 67.8M 1s
 31200K .......... .......... .......... .......... .......... 35%  156M 1s
 31250K .......... .......... .......... .......... .......... 35% 99.8M 1s
 31300K .......... .......... .......... .......... .......... 35%  161M 1s
 31350K .......... .......... .......... .......... .......... 35% 79.7M 1s
 31400K .......... .......... .......... .......... .......... 36%  163M 1s
 31450K .......... .......... .......... .......... .......... 36%  103M 1s
 31500K .......... .......... .......... .......... .......... 36%  119M 1s
 31550K .......... .......... .......... .......... .......... 36%  104M 1s
 31600K .......... .......... .......... .......... .......... 36% 91.8M 1s
 31650K .......... .......... .......... .......... .......... 36%  157M 1s
 31700K .......... .......... .......... .......... .......... 36% 85.0M 1s
 31750K .......... .......... .......... .......... .......... 36%  111M 1s
 31800K .......... .......... .......... .......... .......... 36%  107M 1s
 31850K .......... .......... .......... .......... .......... 36%  157M 1s
 31900K .......... .......... .......... .......... .......... 36%  108M 1s
 31950K .......... .......... .......... .......... .......... 36% 91.8M 1s
 32000K .......... .......... .......... .......... .......... 36%  125M 1s
 32050K .......... .......... .......... .......... .......... 36% 90.2M 1s
 32100K .......... .......... .......... .......... .......... 36% 97.8M 1s
 32150K .......... .......... .......... .......... .......... 36%  133M 1s
 32200K .......... .......... .......... .......... .......... 36%  102M 1s
 32250K .......... .......... .......... .......... .......... 37% 97.1M 1s
 32300K .......... .......... .......... .......... .......... 37%  165M 1s
 32350K .......... .......... .......... .......... .......... 37% 79.9M 1s
 32400K .......... .......... .......... .......... .......... 37%  161M 1s
 32450K .......... .......... .......... .......... .......... 37%  113M 1s
 32500K .......... .......... .......... .......... .......... 37% 96.3M 1s
 32550K .......... .......... .......... .......... .......... 37% 80.5M 1s
 32600K .......... .......... .......... .......... .......... 37%  164M 1s
 32650K .......... .......... .......... .......... .......... 37%  108M 1s
 32700K .......... .......... .......... .......... .......... 37% 99.5M 1s
 32750K .......... .......... .......... .......... .......... 37%  111M 1s
 32800K .......... .......... .......... .......... .......... 37%  103M 1s
 32850K .......... .......... .......... .......... .......... 37%  158M 1s
 32900K .......... .......... .......... .......... .......... 37%  104M 1s
 32950K .......... .......... .......... .......... .......... 37% 97.3M 1s
 33000K .......... .......... .......... .......... .......... 37% 84.7M 1s
 33050K .......... .......... .......... .......... .......... 37%  164M 1s
 33100K .......... .......... .......... .......... .......... 37%  110M 1s
 33150K .......... .......... .......... .......... .......... 38% 87.3M 1s
 33200K .......... .......... .......... .......... .......... 38%  157M 1s
 33250K .......... .......... .......... .......... .......... 38% 90.7M 1s
 33300K .......... .......... .......... .......... .......... 38%  158M 1s
 33350K .......... .......... .......... .......... .......... 38%  110M 1s
 33400K .......... .......... .......... .......... .......... 38% 92.5M 1s
 33450K .......... .......... .......... .......... .......... 38% 85.4M 1s
 33500K .......... .......... .......... .......... .......... 38%  165M 1s
 33550K .......... .......... .......... .......... .......... 38% 80.1M 1s
 33600K .......... .......... .......... .......... .......... 38%  154M 1s
 33650K .......... .......... .......... .......... .......... 38%  125M 1s
 33700K .......... .......... .......... .......... .......... 38% 92.3M 1s
 33750K .......... .......... .......... .......... .......... 38%  118M 1s
 33800K .......... .......... .......... .......... .......... 38% 91.8M 1s
 33850K .......... .......... .......... .......... .......... 38%  153M 1s
 33900K .......... .......... .......... .......... .......... 38%  118M 1s
 33950K .......... .......... .......... .......... .......... 38% 83.5M 1s
 34000K .......... .......... .......... .......... .......... 39% 96.5M 1s
 34050K .......... .......... .......... .......... .......... 39%  147M 1s
 34100K .......... .......... .......... .......... .......... 39%  111M 1s
 34150K .......... .......... .......... .......... .......... 39% 96.4M 1s
 34200K .......... .......... .......... .......... .......... 39%  140M 1s
 34250K .......... .......... .......... .......... .......... 39% 87.4M 1s
 34300K .......... .......... .......... .......... .......... 39%  154M 1s
 34350K .......... .......... .......... .......... .......... 39%  101M 1s
 34400K .......... .......... .......... .......... .......... 39% 96.4M 1s
 34450K .......... .......... .......... .......... .......... 39% 95.3M 1s
 34500K .......... .......... .......... .......... .......... 39%  147M 1s
 34550K .......... .......... .......... .......... .......... 39%  118M 1s
 34600K .......... .......... .......... .......... .......... 39% 91.1M 1s
 34650K .......... .......... .......... .......... .......... 39%  155M 1s
 34700K .......... .......... .......... .......... .......... 39%  119M 1s
 34750K .......... .......... .......... .......... .......... 39% 75.6M 1s
 34800K .......... .......... .......... .......... .......... 39% 98.3M 1s
 34850K .......... .......... .......... .......... .......... 39%  140M 1s
 34900K .......... .......... .......... .......... .......... 40% 97.6M 1s
 34950K .......... .......... .......... .......... .......... 40%  133M 1s
 35000K .......... .......... .......... .......... .......... 40%  102M 1s
 35050K .......... .......... .......... .......... .......... 40%  114M 1s
 35100K .......... .......... .......... .......... .......... 40%  130M 1s
 35150K .......... .......... .......... .......... .......... 40% 81.7M 1s
 35200K .......... .......... .......... .......... .......... 40%  158M 1s
 35250K .......... .......... .......... .......... .......... 40%  112M 1s
 35300K .......... .......... .......... .......... .......... 40% 96.8M 1s
 35350K .......... .......... .......... .......... .......... 40% 90.7M 1s
 35400K .......... .......... .......... .......... .......... 40%  125M 1s
 35450K .......... .......... .......... .......... .......... 40% 90.9M 1s
 35500K .......... .......... .......... .......... .......... 40%  165M 1s
 35550K .......... .......... .......... .......... .......... 40% 99.6M 1s
 35600K .......... .......... .......... .......... .......... 40% 85.9M 1s
 35650K .......... .......... .......... .......... .......... 40%  160M 1s
 35700K .......... .......... .......... .......... .......... 40% 89.0M 1s
 35750K .......... .......... .......... .......... .......... 41%  148M 1s
 35800K .......... .......... .......... .......... .......... 41% 80.9M 1s
 35850K .......... .......... .......... .......... .......... 41%  160M 1s
 35900K .......... .......... .......... .......... .......... 41% 76.8M 1s
 35950K .......... .......... .......... .......... .......... 41%  136M 1s
 36000K .......... .......... .......... .......... .......... 41% 88.0M 1s
 36050K .......... .......... .......... .......... .......... 41%  149M 1s
 36100K .......... .......... .......... .......... .......... 41%  153M 1s
 36150K .......... .......... .......... .......... .......... 41% 79.3M 1s
 36200K .......... .......... .......... .......... .......... 41%  163M 1s
 36250K .......... .......... .......... .......... .......... 41% 83.0M 1s
 36300K .......... .......... .......... .......... .......... 41%  163M 1s
 36350K .......... .......... .......... .......... .......... 41% 72.7M 1s
 36400K .......... .......... .......... .......... .......... 41%  161M 1s
 36450K .......... .......... .......... .......... .......... 41% 84.9M 1s
 36500K .......... .......... .......... .......... .......... 41%  145M 1s
 36550K .......... .......... .......... .......... .......... 41%  137M 1s
 36600K .......... .......... .......... .......... .......... 42% 84.7M 1s
 36650K .......... .......... .......... .......... .......... 42%  162M 1s
 36700K .......... .......... .......... .......... .......... 42% 84.2M 1s
 36750K .......... .......... .......... .......... .......... 42%  135M 1s
 36800K .......... .......... .......... .......... .......... 42% 80.1M 1s
 36850K .......... .......... .......... .......... .......... 42%  160M 1s
 36900K .......... .......... .......... .......... .......... 42% 83.9M 1s
 36950K .......... .......... .......... .......... .......... 42%  137M 1s
 37000K .......... .......... .......... .......... .......... 42%  123M 1s
 37050K .......... .......... .......... .......... .......... 42% 92.1M 1s
 37100K .......... .......... .......... .......... .......... 42%  164M 1s
 37150K .......... .......... .......... .......... .......... 42% 82.5M 1s
 37200K .......... .......... .......... .......... .......... 42%  145M 1s
 37250K .......... .......... .......... .......... .......... 42%  102M 1s
 37300K .......... .......... .......... .......... .......... 42%  100M 1s
 37350K .......... .......... .......... .......... .......... 42% 87.5M 1s
 37400K .......... .......... .......... .......... .......... 42%  168M 1s
 37450K .......... .......... .......... .......... .......... 42%  102M 1s
 37500K .......... .......... .......... .......... .......... 43% 99.0M 1s
 37550K .......... .......... .......... .......... .......... 43%  142M 1s
 37600K .......... .......... .......... .......... .......... 43% 94.6M 1s
 37650K .......... .......... .......... .......... .......... 43%  116M 1s
 37700K .......... .......... .......... .......... .......... 43% 97.6M 1s
 37750K .......... .......... .......... .......... .......... 43%  122M 1s
 37800K .......... .......... .......... .......... .......... 43% 88.3M 1s
 37850K .......... .......... .......... .......... .......... 43%  169M 1s
 37900K .......... .......... .......... .......... .......... 43% 89.6M 1s
 37950K .......... .......... .......... .......... .......... 43%  117M 1s
 38000K .......... .......... .......... .......... .......... 43% 88.9M 1s
 38050K .......... .......... .......... .......... .......... 43%  129M 1s
 38100K .......... .......... .......... .......... .......... 43% 98.5M 1s
 38150K .......... .......... .......... .......... .......... 43%  136M 1s
 38200K .......... .......... .......... .......... .......... 43%  104M 1s
 38250K .......... .......... .......... .......... .......... 43% 96.7M 1s
 38300K .......... .......... .......... .......... .......... 43%  171M 1s
 38350K .......... .......... .......... .......... .......... 44% 80.4M 1s
 38400K .......... .......... .......... .......... .......... 44%  133M 1s
 38450K .......... .......... .......... .......... .......... 44% 90.8M 1s
 38500K .......... .......... .......... .......... .......... 44%  133M 1s
 38550K .......... .......... .......... .......... .......... 44% 85.0M 1s
 38600K .......... .......... .......... .......... .......... 44%  169M 1s
 38650K .......... .......... .......... .......... .......... 44%  109M 1s
 38700K .......... .......... .......... .......... .......... 44% 92.2M 1s
 38750K .......... .......... .......... .......... .......... 44%  115M 1s
 38800K .......... .......... .......... .......... .......... 44%  109M 1s
 38850K .......... .......... .......... .......... .......... 44%  120M 1s
 38900K .......... .......... .......... .......... .......... 44% 91.4M 1s
 38950K .......... .......... .......... .......... .......... 44%  143M 1s
 39000K .......... .......... .......... .......... .......... 44%  125M 1s
 39050K .......... .......... .......... .......... .......... 44% 90.3M 1s
 39100K .......... .......... .......... .......... .......... 44%  131M 1s
 39150K .......... .......... .......... .......... .......... 44% 86.0M 1s
 39200K .......... .......... .......... .......... .......... 44%  107M 1s
 39250K .......... .......... .......... .......... .......... 45% 99.3M 1s
 39300K .......... .......... .......... .......... .......... 45%  152M 1s
 39350K .......... .......... .......... .......... .......... 45% 88.4M 1s
 39400K .......... .......... .......... .......... .......... 45%  130M 1s
 39450K .......... .......... .......... .......... .......... 45% 88.0M 1s
 39500K .......... .......... .......... .......... .......... 45%  170M 1s
 39550K .......... .......... .......... .......... .......... 45% 90.5M 1s
 39600K .......... .......... .......... .......... .......... 45%  102M 1s
 39650K .......... .......... .......... .......... .......... 45%  167M 1s
 39700K .......... .......... .......... .......... .......... 45% 94.3M 1s
 39750K .......... .......... .......... .......... .......... 45% 94.5M 1s
 39800K .......... .......... .......... .......... .......... 45%  103M 1s
 39850K .......... .......... .......... .......... .......... 45%  169M 1s
 39900K .......... .......... .......... .......... .......... 45% 97.8M 1s
 39950K .......... .......... .......... .......... .......... 45%  104M 1s
 40000K .......... .......... .......... .......... .......... 45%  101M 1s
 40050K .......... .......... .......... .......... .......... 45%  102M 1s
 40100K .......... .......... .......... .......... .......... 46%  169M 1s
 40150K .......... .......... .......... .......... .......... 46% 75.4M 1s
 40200K .......... .......... .......... .......... .......... 46%  169M 1s
 40250K .......... .......... .......... .......... .......... 46% 90.0M 1s
 40300K .......... .......... .......... .......... .......... 46%  144M 1s
 40350K .......... .......... .......... .......... .......... 46% 78.3M 1s
 40400K .......... .......... .......... .......... .......... 46%  135M 1s
 40450K .......... .......... .......... .......... .......... 46% 91.9M 1s
 40500K .......... .......... .......... .......... .......... 46%  152M 1s
 40550K .......... .......... .......... .......... .......... 46% 96.3M 1s
 40600K .......... .......... .......... .......... .......... 46%  109M 1s
 40650K .......... .......... .......... .......... .......... 46%  170M 1s
 40700K .......... .......... .......... .......... .......... 46% 86.4M 1s
 40750K .......... .......... .......... .......... .......... 46%  110M 1s
 40800K .......... .......... .......... .......... .......... 46% 90.0M 1s
 40850K .......... .......... .......... .......... .......... 46%  135M 1s
 40900K .......... .......... .......... .......... .......... 46% 96.0M 1s
 40950K .......... .......... .......... .......... .......... 46%  136M 1s
 41000K .......... .......... .......... .......... .......... 47%  101M 1s
 41050K .......... .......... .......... .......... .......... 47%  100M 1s
 41100K .......... .......... .......... .......... .......... 47%  171M 1s
 41150K .......... .......... .......... .......... .......... 47% 78.7M 1s
 41200K .......... .......... .......... .......... .......... 47%  147M 1s
 41250K .......... .......... .......... .......... .......... 47% 85.2M 1s
 41300K .......... .......... .......... .......... .......... 47%  134M 1s
 41350K .......... .......... .......... .......... .......... 47% 83.3M 1s
 41400K .......... .......... .......... .......... .......... 47%  169M 1s
 41450K .......... .......... .......... .......... .......... 47%  102M 1s
 41500K .......... .......... .......... .......... .......... 47% 94.6M 1s
 41550K .......... .......... .......... .......... .......... 47%  140M 1s
 41600K .......... .......... .......... .......... .......... 47% 94.0M 1s
 41650K .......... .......... .......... .......... .......... 47%  144M 1s
 41700K .......... .......... .......... .......... .......... 47% 86.2M 1s
 41750K .......... .......... .......... .......... .......... 47%  122M 1s
 41800K .......... .......... .......... .......... .......... 47% 88.4M 1s
 41850K .......... .......... .......... .......... .......... 48%  170M 1s
 41900K .......... .......... .......... .......... .......... 48%  103M 1s
 41950K .......... .......... .......... .......... .......... 48% 98.9M 1s
 42000K .......... .......... .......... .......... .......... 48%  109M 1s
 42050K .......... .......... .......... .......... .......... 48% 97.6M 1s
 42100K .......... .......... .......... .......... .......... 48%  157M 1s
 42150K .......... .......... .......... .......... .......... 48% 86.1M 1s
 42200K .......... .......... .......... .......... .......... 48%  131M 1s
 42250K .......... .......... .......... .......... .......... 48% 90.2M 1s
 42300K .......... .......... .......... .......... .......... 48%  170M 1s
 42350K .......... .......... .......... .......... .......... 48% 87.2M 1s
 42400K .......... .......... .......... .......... .......... 48%  102M 1s
 42450K .......... .......... .......... .......... .......... 48%  169M 1s
 42500K .......... .......... .......... .......... .......... 48% 91.8M 1s
 42550K .......... .......... .......... .......... .......... 48% 94.0M 1s
 42600K .......... .......... .......... .......... .......... 48%  103M 1s
 42650K .......... .......... .......... .......... .......... 48%  170M 1s
 42700K .......... .......... .......... .......... .......... 48%  135M 1s
 42750K .......... .......... .......... .......... .......... 49% 71.8M 1s
 42800K .......... .......... .......... .......... .......... 49%  100M 1s
 42850K .......... .......... .......... .......... .......... 49%  153M 1s
 42900K .......... .......... .......... .......... .......... 49%  109M 1s
 42950K .......... .......... .......... .......... .......... 49% 88.0M 1s
 43000K .......... .......... .......... .......... .......... 49%  171M 1s
 43050K .......... .......... .......... .......... .......... 49% 91.9M 1s
 43100K .......... .......... .......... .......... .......... 49%  129M 1s
 43150K .......... .......... .......... .......... .......... 49% 80.9M 1s
 43200K .......... .......... .......... .......... .......... 49%  160M 1s
 43250K .......... .......... .......... .......... .......... 49% 94.6M 1s
 43300K .......... .......... .......... .......... .......... 49%  129M 1s
 43350K .......... .......... .......... .......... .......... 49% 95.3M 1s
 43400K .......... .......... .......... .......... .......... 49% 99.5M 1s
 43450K .......... .......... .......... .......... .......... 49%  169M 1s
 43500K .......... .......... .......... .......... .......... 49% 89.2M 1s
 43550K .......... .......... .......... .......... .......... 49%  125M 1s
 43600K .......... .......... .......... .......... .......... 50%  104M 1s
 43650K .......... .......... .......... .......... .......... 50%  119M 1s
 43700K .......... .......... .......... .......... .......... 50% 88.0M 1s
 43750K .......... .......... .......... .......... .......... 50%  136M 1s
 43800K .......... .......... .......... .......... .......... 50%  105M 1s
 43850K .......... .......... .......... .......... .......... 50%  109M 1s
 43900K .......... .......... .......... .......... .......... 50%  166M 1s
 43950K .......... .......... .......... .......... .......... 50% 69.4M 1s
 44000K .......... .......... .......... .......... .......... 50%  174M 1s
 44050K .......... .......... .......... .......... .......... 50% 97.6M 1s
 44100K .......... .......... .......... .......... .......... 50%  101M 1s
 44150K .......... .......... .......... .......... .......... 50% 88.3M 1s
 44200K .......... .......... .......... .......... .......... 50%  170M 1s
 44250K .......... .......... .......... .......... .......... 50%  102M 1s
 44300K .......... .......... .......... .......... .......... 50%  129M 1s
 44350K .......... .......... .......... .......... .......... 50% 90.9M 1s
 44400K .......... .......... .......... .......... .......... 50%  100M 1s
 44450K .......... .......... .......... .......... .......... 51%  171M 1s
 44500K .......... .......... .......... .......... .......... 51% 76.1M 1s
 44550K .......... .......... .......... .......... .......... 51%  153M 1s
 44600K .......... .......... .......... .......... .......... 51% 85.4M 1s
 44650K .......... .......... .......... .......... .......... 51%  171M 1s
 44700K .......... .......... .......... .......... .......... 51%  123M 1s
 44750K .......... .......... .......... .......... .......... 51% 84.3M 1s
 44800K .......... .......... .......... .......... .......... 51% 85.5M 1s
 44850K .......... .......... .......... .......... .......... 51%  163M 1s
 44900K .......... .......... .......... .......... .......... 51%  102M 1s
 44950K .......... .......... .......... .......... .......... 51% 95.2M 1s
 45000K .......... .......... .......... .......... .......... 51%  154M 1s
 45050K .......... .......... .......... .......... .......... 51% 96.2M 1s
 45100K .......... .......... .......... .......... .......... 51%  101M 1s
 45150K .......... .......... .......... .......... .......... 51%  103M 1s
 45200K .......... .......... .......... .......... .......... 51%  127M 1s
 45250K .......... .......... .......... .......... .......... 51% 90.2M 1s
 45300K .......... .......... .......... .......... .......... 51%  131M 1s
 45350K .......... .......... .......... .......... .......... 52% 84.1M 1s
 45400K .......... .......... .......... .......... .......... 52%  172M 1s
 45450K .......... .......... .......... .......... .......... 52%  107M 1s
 45500K .......... .......... .......... .......... .......... 52% 98.6M 1s
 45550K .......... .......... .......... .......... .......... 52%  114M 1s
 45600K .......... .......... .......... .......... .......... 52%  104M 1s
 45650K .......... .......... .......... .......... .......... 52%  125M 1s
 45700K .......... .......... .......... .......... .......... 52% 92.2M 0s
 45750K .......... .......... .......... .......... .......... 52%  131M 0s
 45800K .......... .......... .......... .......... .......... 52%  139M 0s
 45850K .......... .......... .......... .......... .......... 52% 89.2M 0s
 45900K .......... .......... .......... .......... .......... 52%  101M 0s
 45950K .......... .......... .......... .......... .......... 52% 89.1M 0s
 46000K .......... .......... .......... .......... .......... 52%  170M 0s
 46050K .......... .......... .......... .......... .......... 52% 94.4M 0s
 46100K .......... .......... .......... .......... .......... 52%  157M 0s
 46150K .......... .......... .......... .......... .......... 52% 95.2M 0s
 46200K .......... .......... .......... .......... .......... 53% 99.1M 0s
 46250K .......... .......... .......... .......... .......... 53% 90.5M 0s
 46300K .......... .......... .......... .......... .......... 53%  169M 0s
 46350K .......... .......... .......... .......... .......... 53% 96.9M 0s
 46400K .......... .......... .......... .......... .......... 53% 98.2M 0s
 46450K .......... .......... .......... .......... .......... 53%  133M 0s
 46500K .......... .......... .......... .......... .......... 53%  102M 0s
 46550K .......... .......... .......... .......... .......... 53%  123M 0s
 46600K .......... .......... .......... .......... .......... 53% 90.9M 0s
 46650K .......... .......... .......... .......... .......... 53%  123M 0s
 46700K .......... .......... .......... .......... .......... 53% 91.1M 0s
 46750K .......... .......... .......... .......... .......... 53%  139M 0s
 46800K .......... .......... .......... .......... .......... 53% 84.8M 0s
 46850K .......... .......... .......... .......... .......... 53%  155M 0s
 46900K .......... .......... .......... .......... .......... 53%  112M 0s
 46950K .......... .......... .......... .......... .......... 53%  105M 0s
 47000K .......... .......... .......... .......... .......... 53%  117M 0s
 47050K .......... .......... .......... .......... .......... 53% 94.0M 0s
 47100K .......... .......... .......... .......... .......... 54%  132M 0s
 47150K .......... .......... .......... .......... .......... 54% 79.7M 0s
 47200K .......... .......... .......... .......... .......... 54%  110M 0s
 47250K .......... .......... .......... .......... .......... 54%  117M 0s
 47300K .......... .......... .......... .......... .......... 54%  154M 0s
 47350K .......... .......... .......... .......... .......... 54% 97.4M 0s
 47400K .......... .......... .......... .......... .......... 54%  121M 0s
 47450K .......... .......... .......... .......... .......... 54%  115M 0s
 47500K .......... .......... .......... .......... .......... 54% 93.2M 0s
 47550K .......... .......... .......... .......... .......... 54%  135M 0s
 47600K .......... .......... .......... .......... .......... 54%  116M 0s
 47650K .......... .......... .......... .......... .......... 54% 95.6M 0s
 47700K .......... .......... .......... .......... .......... 54%  120M 0s
 47750K .......... .......... .......... .......... .......... 54% 89.8M 0s
 47800K .......... .......... .......... .......... .......... 54%  128M 0s
 47850K .......... .......... .......... .......... .......... 54%  111M 0s
 47900K .......... .......... .......... .......... .......... 54%  117M 0s
 47950K .......... .......... .......... .......... .......... 55% 85.6M 0s
 48000K .......... .......... .......... .......... .......... 55%  127M 0s
 48050K .......... .......... .......... .......... .......... 55% 89.5M 0s
 48100K .......... .......... .......... .......... .......... 55%  166M 0s
 48150K .......... .......... .......... .......... .......... 55%  105M 0s
 48200K .......... .......... .......... .......... .......... 55% 94.6M 0s
 48250K .......... .......... .......... .......... .......... 55%  156M 0s
 48300K .......... .......... .......... .......... .......... 55% 95.1M 0s
 48350K .......... .......... .......... .......... .......... 55%  104M 0s
 48400K .......... .......... .......... .......... .......... 55% 96.0M 0s
 48450K .......... .......... .......... .......... .......... 55%  129M 0s
 48500K .......... .......... .......... .......... .......... 55% 91.4M 0s
 48550K .......... .......... .......... .......... .......... 55%  122M 0s
 48600K .......... .......... .......... .......... .......... 55% 89.1M 0s
 48650K .......... .......... .......... .......... .......... 55%  170M 0s
 48700K .......... .......... .......... .......... .......... 55%  106M 0s
 48750K .......... .......... .......... .......... .......... 55% 98.7M 0s
 48800K .......... .......... .......... .......... .......... 55%  111M 0s
 48850K .......... .......... .......... .......... .......... 56%  106M 0s
 48900K .......... .......... .......... .......... .......... 56%  129M 0s
 48950K .......... .......... .......... .......... .......... 56% 84.1M 0s
 49000K .......... .......... .......... .......... .......... 56%  149M 0s
 49050K .......... .......... .......... .......... .......... 56% 99.3M 0s
 49100K .......... .......... .......... .......... .......... 56% 97.0M 0s
 49150K .......... .......... .......... .......... .......... 56% 89.4M 0s
 49200K .......... .......... .......... .......... .......... 56%  156M 0s
 49250K .......... .......... .......... .......... .......... 56%  107M 0s
 49300K .......... .......... .......... .......... .......... 56% 97.3M 0s
 49350K .......... .......... .......... .......... .......... 56%  143M 0s
 49400K .......... .......... .......... .......... .......... 56% 93.3M 0s
 49450K .......... .......... .......... .......... .......... 56%  120M 0s
 49500K .......... .......... .......... .......... .......... 56% 89.1M 0s
 49550K .......... .......... .......... .......... .......... 56%  138M 0s
 49600K .......... .......... .......... .......... .......... 56% 80.1M 0s
 49650K .......... .......... .......... .......... .......... 56%  161M 0s
 49700K .......... .......... .......... .......... .......... 57%  158M 0s
 49750K .......... .......... .......... .......... .......... 57% 80.0M 0s
 49800K .......... .......... .......... .......... .......... 57%  172M 0s
 49850K .......... .......... .......... .......... .......... 57% 98.5M 0s
 49900K .......... .......... .......... .......... .......... 57% 99.2M 0s
 49950K .......... .......... .......... .......... .......... 57% 86.2M 0s
 50000K .......... .......... .......... .......... .......... 57%  162M 0s
 50050K .......... .......... .......... .......... .......... 57% 89.6M 0s
 50100K .......... .......... .......... .......... .......... 57%  136M 0s
 50150K .......... .......... .......... .......... .......... 57% 84.2M 0s
 50200K .......... .......... .......... .......... .......... 57%  152M 0s
 50250K .......... .......... .......... .......... .......... 57% 99.2M 0s
 50300K .......... .......... .......... .......... .......... 57%  115M 0s
 50350K .......... .......... .......... .......... .......... 57% 80.6M 0s
 50400K .......... .......... .......... .......... .......... 57%  157M 0s
 50450K .......... .......... .......... .......... .......... 57%  107M 0s
 50500K .......... .......... .......... .......... .......... 57% 99.3M 0s
 50550K .......... .......... .......... .......... .......... 57%  140M 0s
 50600K .......... .......... .......... .......... .......... 58% 88.0M 0s
 50650K .......... .......... .......... .......... .......... 58%  145M 0s
 50700K .......... .......... .......... .......... .......... 58%  134M 0s
 50750K .......... .......... .......... .......... .......... 58% 79.5M 0s
 50800K .......... .......... .......... .......... .......... 58% 94.5M 0s
 50850K .......... .......... .......... .......... .......... 58%  152M 0s
 50900K .......... .......... .......... .......... .......... 58%  108M 0s
 50950K .......... .......... .......... .......... .......... 58% 86.7M 0s
 51000K .......... .......... .......... .......... .......... 58%  168M 0s
 51050K .......... .......... .......... .......... .......... 58% 89.7M 0s
 51100K .......... .......... .......... .......... .......... 58%  145M 0s
 51150K .......... .......... .......... .......... .......... 58% 85.5M 0s
 51200K .......... .......... .......... .......... .......... 58%  100M 0s
 51250K .......... .......... .......... .......... .......... 58% 98.6M 0s
 51300K .......... .......... .......... .......... .......... 58%  154M 0s
 51350K .......... .......... .......... .......... .......... 58% 95.2M 0s
 51400K .......... .......... .......... .......... .......... 58%  102M 0s
 51450K .......... .......... .......... .......... .......... 59%  170M 0s
 51500K .......... .......... .......... .......... .......... 59% 92.7M 0s
 51550K .......... .......... .......... .......... .......... 59%  136M 0s
 51600K .......... .......... .......... .......... .......... 59%  100M 0s
 51650K .......... .......... .......... .......... .......... 59%  114M 0s
 51700K .......... .......... .......... .......... .......... 59% 92.8M 0s
 51750K .......... .......... .......... .......... .......... 59%  141M 0s
 51800K .......... .......... .......... .......... .......... 59% 99.6M 0s
 51850K .......... .......... .......... .......... .......... 59%  100M 0s
 51900K .......... .......... .......... .......... .......... 59%  173M 0s
 51950K .......... .......... .......... .......... .......... 59% 75.1M 0s
 52000K .......... .......... .......... .......... .......... 59%  132M 0s
 52050K .......... .......... .......... .......... .......... 59% 90.6M 0s
 52100K .......... .......... .......... .......... .......... 59%  141M 0s
 52150K .......... .......... .......... .......... .......... 59% 81.1M 0s
 52200K .......... .......... .......... .......... .......... 59%  169M 0s
 52250K .......... .......... .......... .......... .......... 59%  101M 0s
 52300K .......... .......... .......... .......... .......... 59% 99.5M 0s
 52350K .......... .......... .......... .......... .......... 60%  120M 0s
 52400K .......... .......... .......... .......... .......... 60%  102M 0s
 52450K .......... .......... .......... .......... .......... 60%  101M 0s
 52500K .......... .......... .......... .......... .......... 60% 99.5M 0s
 52550K .......... .......... .......... .......... .......... 60%  155M 0s
 52600K .......... .......... .......... .......... .......... 60% 86.7M 0s
 52650K .......... .......... .......... .......... .......... 60%  171M 0s
 52700K .......... .......... .......... .......... .......... 60% 97.4M 0s
 52750K .......... .......... .......... .......... .......... 60% 90.2M 0s
 52800K .......... .......... .......... .......... .......... 60%  167M 0s
 52850K .......... .......... .......... .......... .......... 60% 89.5M 0s
 52900K .......... .......... .......... .......... .......... 60%  102M 0s
 52950K .......... .......... .......... .......... .......... 60% 92.3M 0s
 53000K .......... .......... .......... .......... .......... 60%  173M 0s
 53050K .......... .......... .......... .......... .......... 60% 86.2M 0s
 53100K .......... .......... .......... .......... .......... 60%  170M 0s
 53150K .......... .......... .......... .......... .......... 60% 87.6M 0s
 53200K .......... .......... .......... .......... .......... 61%  108M 0s
 53250K .......... .......... .......... .......... .......... 61%  134M 0s
 53300K .......... .......... .......... .......... .......... 61%  102M 0s
 53350K .......... .......... .......... .......... .......... 61%  119M 0s
 53400K .......... .......... .......... .......... .......... 61% 91.6M 0s
 53450K .......... .......... .......... .......... .......... 61%  142M 0s
 53500K .......... .......... .......... .......... .......... 61% 85.9M 0s
 53550K .......... .......... .......... .......... .......... 61%  108M 0s
 53600K .......... .......... .......... .......... .......... 61%  107M 0s
 53650K .......... .......... .......... .......... .......... 61%  149M 0s
 53700K .......... .......... .......... .......... .......... 61%  109M 0s
 53750K .......... .......... .......... .......... .......... 61% 99.3M 0s
 53800K .......... .......... .......... .......... .......... 61%  122M 0s
 53850K .......... .......... .......... .......... .......... 61% 91.8M 0s
 53900K .......... .......... .......... .......... .......... 61%  159M 0s
 53950K .......... .......... .......... .......... .......... 61%  105M 0s
 54000K .......... .......... .......... .......... .......... 61% 94.1M 0s
 54050K .......... .......... .......... .......... .......... 62% 88.6M 0s
 54100K .......... .......... .......... .......... .......... 62%  152M 0s
 54150K .......... .......... .......... .......... .......... 62% 99.5M 0s
 54200K .......... .......... .......... .......... .......... 62%  117M 0s
 54250K .......... .......... .......... .......... .......... 62%  121M 0s
 54300K .......... .......... .......... .......... .......... 62% 93.1M 0s
 54350K .......... .......... .......... .......... .......... 62%  125M 0s
 54400K .......... .......... .......... .......... .......... 62% 85.7M 0s
 54450K .......... .......... .......... .......... .......... 62%  131M 0s
 54500K .......... .......... .......... .......... .......... 62% 95.5M 0s
 54550K .......... .......... .......... .......... .......... 62%  137M 0s
 54600K .......... .......... .......... .......... .......... 62%  105M 0s
 54650K .......... .......... .......... .......... .......... 62%  104M 0s
 54700K .......... .......... .......... .......... .......... 62%  170M 0s
 54750K .......... .......... .......... .......... .......... 62% 75.0M 0s
 54800K .......... .......... .......... .......... .......... 62%  163M 0s
 54850K .......... .......... .......... .......... .......... 62%  120M 0s
 54900K .......... .......... .......... .......... .......... 62% 92.0M 0s
 54950K .......... .......... .......... .......... .......... 63% 80.3M 0s
 55000K .......... .......... .......... .......... .......... 63%  167M 0s
 55050K .......... .......... .......... .......... .......... 63%  106M 0s
 55100K .......... .......... .......... .......... .......... 63% 97.1M 0s
 55150K .......... .......... .......... .......... .......... 63%  123M 0s
 55200K .......... .......... .......... .......... .......... 63% 95.9M 0s
 55250K .......... .......... .......... .......... .......... 63%  146M 0s
 55300K .......... .......... .......... .......... .......... 63% 85.2M 0s
 55350K .......... .......... .......... .......... .......... 63%  144M 0s
 55400K .......... .......... .......... .......... .......... 63% 81.8M 0s
 55450K .......... .......... .......... .......... .......... 63%  170M 0s
 55500K .......... .......... .......... .......... .......... 63%  109M 0s
 55550K .......... .......... .......... .......... .......... 63%  106M 0s
 55600K .......... .......... .......... .......... .......... 63%  112M 0s
 55650K .......... .......... .......... .......... .......... 63% 92.9M 0s
 55700K .......... .......... .......... .......... .......... 63%  147M 0s
 55750K .......... .......... .......... .......... .......... 63% 81.5M 0s
 55800K .......... .......... .......... .......... .......... 64%  124M 0s
 55850K .......... .......... .......... .......... .......... 64% 93.7M 0s
 55900K .......... .......... .......... .......... .......... 64%  171M 0s
 55950K .......... .......... .......... .......... .......... 64% 78.9M 0s
 56000K .......... .......... .......... .......... .......... 64%  158M 0s
 56050K .......... .......... .......... .......... .......... 64%  116M 0s
 56100K .......... .......... .......... .......... .......... 64% 93.8M 0s
 56150K .......... .......... .......... .......... .......... 64%  124M 0s
 56200K .......... .......... .......... .......... .......... 64% 90.4M 0s
 56250K .......... .......... .......... .......... .......... 64%  129M 0s
 56300K .......... .......... .......... .......... .......... 64% 90.1M 0s
 56350K .......... .......... .......... .......... .......... 64%  113M 0s
 56400K .......... .......... .......... .......... .......... 64%  103M 0s
 56450K .......... .......... .......... .......... .......... 64%  147M 0s
 56500K .......... .......... .......... .......... .......... 64%  118M 0s
 56550K .......... .......... .......... .......... .......... 64% 88.7M 0s
 56600K .......... .......... .......... .......... .......... 64%  165M 0s
 56650K .......... .......... .......... .......... .......... 64% 83.6M 0s
 56700K .......... .......... .......... .......... .......... 65%  125M 0s
 56750K .......... .......... .......... .......... .......... 65% 83.2M 0s
 56800K .......... .......... .......... .......... .......... 65%  128M 0s
 56850K .......... .......... .......... .......... .......... 65%  103M 0s
 56900K .......... .......... .......... .......... .......... 65%  149M 0s
 56950K .......... .......... .......... .......... .......... 65% 93.0M 0s
 57000K .......... .......... .......... .......... .......... 65%  117M 0s
 57050K .......... .......... .......... .......... .......... 65% 82.7M 0s
 57100K .......... .......... .......... .......... .......... 65%  169M 0s
 57150K .......... .......... .......... .......... .......... 65% 95.4M 0s
 57200K .......... .......... .......... .......... .......... 65% 97.3M 0s
 57250K .......... .......... .......... .......... .......... 65%  132M 0s
 57300K .......... .......... .......... .......... .......... 65% 96.6M 0s
 57350K .......... .......... .......... .......... .......... 65%  137M 0s
 57400K .......... .......... .......... .......... .......... 65% 89.4M 0s
 57450K .......... .......... .......... .......... .......... 65%  133M 0s
 57500K .......... .......... .......... .......... .......... 65% 86.8M 0s
 57550K .......... .......... .......... .......... .......... 66%  143M 0s
 57600K .......... .......... .......... .......... .......... 66%  107M 0s
 57650K .......... .......... .......... .......... .......... 66% 96.7M 0s
 57700K .......... .......... .......... .......... .......... 66%  143M 0s
 57750K .......... .......... .......... .......... .......... 66% 93.3M 0s
 57800K .......... .......... .......... .......... .......... 66%  126M 0s
 57850K .......... .......... .......... .......... .......... 66% 92.3M 0s
 57900K .......... .......... .......... .......... .......... 66%  156M 0s
 57950K .......... .......... .......... .......... .......... 66%  102M 0s
 58000K .......... .......... .......... .......... .......... 66% 94.8M 0s
 58050K .......... .......... .......... .......... .......... 66% 96.1M 0s
 58100K .......... .......... .......... .......... .......... 66%  148M 0s
 58150K .......... .......... .......... .......... .......... 66%  117M 0s
 58200K .......... .......... .......... .......... .......... 66% 91.9M 0s
 58250K .......... .......... .......... .......... .......... 66%  131M 0s
 58300K .......... .......... .......... .......... .......... 66% 91.3M 0s
 58350K .......... .......... .......... .......... .......... 66%  121M 0s
 58400K .......... .......... .......... .......... .......... 66%  110M 0s
 58450K .......... .......... .......... .......... .......... 67% 95.6M 0s
 58500K .......... .......... .......... .......... .......... 67%  105M 0s
 58550K .......... .......... .......... .......... .......... 67%  133M 0s
 58600K .......... .......... .......... .......... .......... 67%  105M 0s
 58650K .......... .......... .......... .......... .......... 67% 95.5M 0s
 58700K .......... .......... .......... .......... .......... 67%  172M 0s
 58750K .......... .......... .......... .......... .......... 67% 78.8M 0s
 58800K .......... .......... .......... .......... .......... 67%  160M 0s
 58850K .......... .......... .......... .......... .......... 67%  114M 0s
 58900K .......... .......... .......... .......... .......... 67% 93.6M 0s
 58950K .......... .......... .......... .......... .......... 67% 86.5M 0s
 59000K .......... .......... .......... .......... .......... 67%  169M 0s
 59050K .......... .......... .......... .......... .......... 67%  108M 0s
 59100K .......... .......... .......... .......... .......... 67%  102M 0s
 59150K .......... .......... .......... .......... .......... 67%  109M 0s
 59200K .......... .......... .......... .......... .......... 67% 92.8M 0s
 59250K .......... .......... .......... .......... .......... 67%  160M 0s
 59300K .......... .......... .......... .......... .......... 68%  115M 0s
 59350K .......... .......... .......... .......... .......... 68% 88.4M 0s
 59400K .......... .......... .......... .......... .......... 68% 84.4M 0s
 59450K .......... .......... .......... .......... .......... 68%  170M 0s
 59500K .......... .......... .......... .......... .......... 68%  106M 0s
 59550K .......... .......... .......... .......... .......... 68%  104M 0s
 59600K .......... .......... .......... .......... .......... 68%  116M 0s
 59650K .......... .......... .......... .......... .......... 68% 96.2M 0s
 59700K .......... .......... .......... .......... .......... 68%  158M 0s
 59750K .......... .......... .......... .......... .......... 68%  110M 0s
 59800K .......... .......... .......... .......... .......... 68% 92.1M 0s
 59850K .......... .......... .......... .......... .......... 68% 84.4M 0s
 59900K .......... .......... .......... .......... .......... 68%  171M 0s
 59950K .......... .......... .......... .......... .......... 68% 78.2M 0s
 60000K .......... .......... .......... .......... .......... 68%  154M 0s
 60050K .......... .......... .......... .......... .......... 68%  125M 0s
 60100K .......... .......... .......... .......... .......... 68% 92.7M 0s
 60150K .......... .......... .......... .......... .......... 68%  143M 0s
 60200K .......... .......... .......... .......... .......... 69%  118M 0s
 60250K .......... .......... .......... .......... .......... 69% 93.2M 0s
 60300K .......... .......... .......... .......... .......... 69% 83.2M 0s
 60350K .......... .......... .......... .......... .......... 69%  144M 0s
 60400K .......... .......... .......... .......... .......... 69% 88.6M 0s
 60450K .......... .......... .......... .......... .......... 69%  159M 0s
 60500K .......... .......... .......... .......... .......... 69%  120M 0s
 60550K .......... .......... .......... .......... .......... 69% 85.9M 0s
 60600K .......... .......... .......... .......... .......... 69%  161M 0s
 60650K .......... .......... .......... .......... .......... 69%  111M 0s
 60700K .......... .......... .......... .......... .......... 69% 96.9M 0s
 60750K .......... .......... .......... .......... .......... 69% 78.3M 0s
 60800K .......... .......... .......... .......... .......... 69%  151M 0s
 60850K .......... .......... .......... .......... .......... 69% 91.3M 0s
 60900K .......... .......... .......... .......... .......... 69%  146M 0s
 60950K .......... .......... .......... .......... .......... 69% 99.5M 0s
 61000K .......... .......... .......... .......... .......... 69%  109M 0s
 61050K .......... .......... .......... .......... .......... 70%  155M 0s
 61100K .......... .......... .......... .......... .......... 70% 81.8M 0s
 61150K .......... .......... .......... .......... .......... 70%  118M 0s
 61200K .......... .......... .......... .......... .......... 70%  108M 0s
 61250K .......... .......... .......... .......... .......... 70%  111M 0s
 61300K .......... .......... .......... .......... .......... 70% 95.1M 0s
 61350K .......... .......... .......... .......... .......... 70%  136M 0s
 61400K .......... .......... .......... .......... .......... 70%  126M 0s
 61450K .......... .......... .......... .......... .......... 70% 93.6M 0s
 61500K .......... .......... .......... .......... .......... 70%  131M 0s
 61550K .......... .......... .......... .......... .......... 70% 80.0M 0s
 61600K .......... .......... .......... .......... .......... 70%  162M 0s
 61650K .......... .......... .......... .......... .......... 70%  115M 0s
 61700K .......... .......... .......... .......... .......... 70% 94.3M 0s
 61750K .......... .......... .......... .......... .......... 70% 84.7M 0s
 61800K .......... .......... .......... .......... .......... 70%  165M 0s
 61850K .......... .......... .......... .......... .......... 70%  102M 0s
 61900K .......... .......... .......... .......... .......... 70%  112M 0s
 61950K .......... .......... .......... .......... .......... 71%  111M 0s
 62000K .......... .......... .......... .......... .......... 71% 91.7M 0s
 62050K .......... .......... .......... .......... .......... 71%  135M 0s
 62100K .......... .......... .......... .......... .......... 71% 89.4M 0s
 62150K .......... .......... .......... .......... .......... 71%  132M 0s
 62200K .......... .......... .......... .......... .......... 71% 96.4M 0s
 62250K .......... .......... .......... .......... .......... 71%  132M 0s
 62300K .......... .......... .......... .......... .......... 71% 89.8M 0s
 62350K .......... .......... .......... .......... .......... 71%  133M 0s
 62400K .......... .......... .......... .......... .......... 71%  109M 0s
 62450K .......... .......... .......... .......... .......... 71% 98.4M 0s
 62500K .......... .......... .......... .......... .......... 71% 95.1M 0s
 62550K .......... .......... .......... .......... .......... 71%  135M 0s
 62600K .......... .......... .......... .......... .......... 71%  105M 0s
 62650K .......... .......... .......... .......... .......... 71% 94.4M 0s
 62700K .......... .......... .......... .......... .......... 71%  170M 0s
 62750K .......... .......... .......... .......... .......... 71% 78.4M 0s
 62800K .......... .......... .......... .......... .......... 72%  149M 0s
 62850K .......... .......... .......... .......... .......... 72% 85.0M 0s
 62900K .......... .......... .......... .......... .......... 72%  168M 0s
 62950K .......... .......... .......... .......... .......... 72%  100M 0s
 63000K .......... .......... .......... .......... .......... 72% 98.7M 0s
 63050K .......... .......... .......... .......... .......... 72%  131M 0s
 63100K .......... .......... .......... .......... .......... 72%  102M 0s
 63150K .......... .......... .......... .......... .......... 72%  110M 0s
 63200K .......... .......... .......... .......... .......... 72% 91.3M 0s
 63250K .......... .......... .......... .......... .......... 72%  163M 0s
 63300K .......... .......... .......... .......... .......... 72%  115M 0s
 63350K .......... .......... .......... .......... .......... 72% 88.6M 0s
 63400K .......... .......... .......... .......... .......... 72% 91.4M 0s
 63450K .......... .......... .......... .......... .......... 72%  165M 0s
 63500K .......... .......... .......... .......... .......... 72%  126M 0s
 63550K .......... .......... .......... .......... .......... 72% 84.3M 0s
 63600K .......... .......... .......... .......... .......... 72%  125M 0s
 63650K .......... .......... .......... .......... .......... 73% 92.1M 0s
 63700K .......... .......... .......... .......... .......... 73%  126M 0s
 63750K .......... .......... .......... .......... .......... 73%  105M 0s
 63800K .......... .......... .......... .......... .......... 73%  110M 0s
 63850K .......... .......... .......... .......... .......... 73% 91.2M 0s
 63900K .......... .......... .......... .......... .......... 73%  166M 0s
 63950K .......... .......... .......... .......... .......... 73% 74.5M 0s
 64000K .......... .......... .......... .......... .......... 73%  153M 0s
 64050K .......... .......... .......... .......... .......... 73%  126M 0s
 64100K .......... .......... .......... .......... .......... 73% 93.3M 0s
 64150K .......... .......... .......... .......... .......... 73%  118M 0s
 64200K .......... .......... .......... .......... .......... 73% 91.3M 0s
 64250K .......... .......... .......... .......... .......... 73%  155M 0s
 64300K .......... .......... .......... .......... .......... 73%  114M 0s
 64350K .......... .......... .......... .......... .......... 73% 85.9M 0s
 64400K .......... .......... .......... .......... .......... 73% 94.3M 0s
 64450K .......... .......... .......... .......... .......... 73%  148M 0s
 64500K .......... .......... .......... .......... .......... 73%  111M 0s
 64550K .......... .......... .......... .......... .......... 74% 97.5M 0s
 64600K .......... .......... .......... .......... .......... 74%  158M 0s
 64650K .......... .......... .......... .......... .......... 74%  115M 0s
 64700K .......... .......... .......... .......... .......... 74% 94.6M 0s
 64750K .......... .......... .......... .......... .......... 74% 76.8M 0s
 64800K .......... .......... .......... .......... .......... 74%  168M 0s
 64850K .......... .......... .......... .......... .......... 74%  111M 0s
 64900K .......... .......... .......... .......... .......... 74% 95.6M 0s
 64950K .......... .......... .......... .......... .......... 74%  130M 0s
 65000K .......... .......... .......... .......... .......... 74% 96.9M 0s
 65050K .......... .......... .......... .......... .......... 74%  131M 0s
 65100K .......... .......... .......... .......... .......... 74% 92.4M 0s
 65150K .......... .......... .......... .......... .......... 74%  112M 0s
 65200K .......... .......... .......... .......... .......... 74% 90.7M 0s
 65250K .......... .......... .......... .......... .......... 74%  164M 0s
 65300K .......... .......... .......... .......... .......... 74%  108M 0s
 65350K .......... .......... .......... .......... .......... 74% 91.4M 0s
 65400K .......... .......... .......... .......... .......... 75%  132M 0s
 65450K .......... .......... .......... .......... .......... 75%  102M 0s
 65500K .......... .......... .......... .......... .......... 75%  127M 0s
 65550K .......... .......... .......... .......... .......... 75% 83.5M 0s
 65600K .......... .......... .......... .......... .......... 75%  133M 0s
 65650K .......... .......... .......... .......... .......... 75% 89.2M 0s
 65700K .......... .......... .......... .......... .......... 75%  165M 0s
 65750K .......... .......... .......... .......... .......... 75% 86.9M 0s
 65800K .......... .......... .......... .......... .......... 75%  100M 0s
 65850K .......... .......... .......... .......... .......... 75%  172M 0s
 65900K .......... .......... .......... .......... .......... 75% 96.2M 0s
 65950K .......... .......... .......... .......... .......... 75% 90.9M 0s
 66000K .......... .......... .......... .......... .......... 75%  112M 0s
 66050K .......... .......... .......... .......... .......... 75%  150M 0s
 66100K .......... .......... .......... .......... .......... 75% 85.7M 0s
 66150K .......... .......... .......... .......... .......... 75%  115M 0s
 66200K .......... .......... .......... .......... .......... 75% 99.3M 0s
 66250K .......... .......... .......... .......... .......... 75%  166M 0s
 66300K .......... .......... .......... .......... .......... 76%  126M 0s
 66350K .......... .......... .......... .......... .......... 76% 83.6M 0s
 66400K .......... .......... .......... .......... .......... 76%  129M 0s
 66450K .......... .......... .......... .......... .......... 76% 82.6M 0s
 66500K .......... .......... .......... .......... .......... 76%  172M 0s
 66550K .......... .......... .......... .......... .......... 76% 79.3M 0s
 66600K .......... .......... .......... .......... .......... 76%  159M 0s
 66650K .......... .......... .......... .......... .......... 76% 99.3M 0s
 66700K .......... .......... .......... .......... .......... 76%  114M 0s
 66750K .......... .......... .......... .......... .......... 76% 83.9M 0s
 66800K .......... .......... .......... .......... .......... 76%  165M 0s
 66850K .......... .......... .......... .......... .......... 76%  112M 0s
 66900K .......... .......... .......... .......... .......... 76% 96.1M 0s
 66950K .......... .......... .......... .......... .......... 76%  121M 0s
 67000K .......... .......... .......... .......... .......... 76% 91.3M 0s
 67050K .......... .......... .......... .......... .......... 76%  126M 0s
 67100K .......... .......... .......... .......... .......... 76% 97.1M 0s
 67150K .......... .......... .......... .......... .......... 77% 85.3M 0s
 67200K .......... .......... .......... .......... .......... 77%  149M 0s
 67250K .......... .......... .......... .......... .......... 77%  100M 0s
 67300K .......... .......... .......... .......... .......... 77%  163M 0s
 67350K .......... .......... .......... .......... .......... 77% 90.8M 0s
 67400K .......... .......... .......... .......... .......... 77%  147M 0s
 67450K .......... .......... .......... .......... .......... 77%  102M 0s
 67500K .......... .......... .......... .......... .......... 77%  100M 0s
 67550K .......... .......... .......... .......... .......... 77% 87.6M 0s
 67600K .......... .......... .......... .......... .......... 77%  144M 0s
 67650K .......... .......... .......... .......... .......... 77% 90.1M 0s
 67700K .......... .......... .......... .......... .......... 77%  153M 0s
 67750K .......... .......... .......... .......... .......... 77% 86.0M 0s
 67800K .......... .......... .......... .......... .......... 77%  127M 0s
 67850K .......... .......... .......... .......... .......... 77% 59.2M 0s
 67900K .......... .......... .......... .......... .......... 77%  165M 0s
 67950K .......... .......... .......... .......... .......... 77% 87.7M 0s
 68000K .......... .......... .......... .......... .......... 77% 99.6M 0s
 68050K .......... .......... .......... .......... .......... 78% 50.8M 0s
 68100K .......... .......... .......... .......... .......... 78% 28.1M 0s
 68150K .......... .......... .......... .......... .......... 78% 94.4M 0s
 68200K .......... .......... .......... .......... .......... 78%  169M 0s
 68250K .......... .......... .......... .......... .......... 78%  101M 0s
 68300K .......... .......... .......... .......... .......... 78%  102M 0s
 68350K .......... .......... .......... .......... .......... 78% 81.4M 0s
 68400K .......... .......... .......... .......... .......... 78%  168M 0s
 68450K .......... .......... .......... .......... .......... 78%  102M 0s
 68500K .......... .......... .......... .......... .......... 78%  100M 0s
 68550K .......... .......... .......... .......... .......... 78%  150M 0s
 68600K .......... .......... .......... .......... .......... 78% 90.5M 0s
 68650K .......... .......... .......... .......... .......... 78%  145M 0s
 68700K .......... .......... .......... .......... .......... 78% 89.5M 0s
 68750K .......... .......... .......... .......... .......... 78% 87.9M 0s
 68800K .......... .......... .......... .......... .......... 78%  100M 0s
 68850K .......... .......... .......... .......... .......... 78%  172M 0s
 68900K .......... .......... .......... .......... .......... 79%  126M 0s
 68950K .......... .......... .......... .......... .......... 79% 88.2M 0s
 69000K .......... .......... .......... .......... .......... 79%  100M 0s
 69050K .......... .......... .......... .......... .......... 79%  125M 0s
 69100K .......... .......... .......... .......... .......... 79%  166M 0s
 69150K .......... .......... .......... .......... .......... 79% 72.4M 0s
 69200K .......... .......... .......... .......... .......... 79%  148M 0s
 69250K .......... .......... .......... .......... .......... 79% 87.7M 0s
 69300K .......... .......... .......... .......... .......... 79%  158M 0s
 69350K .......... .......... .......... .......... .......... 79% 91.7M 0s
 69400K .......... .......... .......... .......... .......... 79%  102M 0s
 69450K .......... .......... .......... .......... .......... 79%  165M 0s
 69500K .......... .......... .......... .......... .......... 79% 93.1M 0s
 69550K .......... .......... .......... .......... .......... 79% 93.6M 0s
 69600K .......... .......... .......... .......... .......... 79% 98.2M 0s
 69650K .......... .......... .......... .......... .......... 79%  154M 0s
 69700K .......... .......... .......... .......... .......... 79% 90.6M 0s
 69750K .......... .......... .......... .......... .......... 79%  150M 0s
 69800K .......... .......... .......... .......... .......... 80% 90.1M 0s
 69850K .......... .......... .......... .......... .......... 80%  164M 0s
 69900K .......... .......... .......... .......... .......... 80%  109M 0s
 69950K .......... .......... .......... .......... .......... 80% 85.3M 0s
 70000K .......... .......... .......... .......... .......... 80%  112M 0s
 70050K .......... .......... .......... .......... .......... 80%  104M 0s
 70100K .......... .......... .......... .......... .......... 80%  168M 0s
 70150K .......... .......... .......... .......... .......... 80% 77.9M 0s
 70200K .......... .......... .......... .......... .......... 80%  121M 0s
 70250K .......... .......... .......... .......... .......... 80% 91.7M 0s
 70300K .......... .......... .......... .......... .......... 80%  168M 0s
 70350K .......... .......... .......... .......... .......... 80%  102M 0s
 70400K .......... .......... .......... .......... .......... 80% 92.3M 0s
 70450K .......... .......... .......... .......... .......... 80%  132M 0s
 70500K .......... .......... .......... .......... .......... 80% 99.4M 0s
 70550K .......... .......... .......... .......... .......... 80%  156M 0s
 70600K .......... .......... .......... .......... .......... 80% 80.4M 0s
 70650K .......... .......... .......... .......... .......... 81% 87.1M 0s
 70700K .......... .......... .......... .......... .......... 81%  161M 0s
 70750K .......... .......... .......... .......... .......... 81% 89.7M 0s
 70800K .......... .......... .......... .......... .......... 81%  133M 0s
 70850K .......... .......... .......... .......... .......... 81% 93.1M 0s
 70900K .......... .......... .......... .......... .......... 81%  149M 0s
 70950K .......... .......... .......... .......... .......... 81%  104M 0s
 71000K .......... .......... .......... .......... .......... 81%  121M 0s
 71050K .......... .......... .......... .......... .......... 81%  113M 0s
 71100K .......... .......... .......... .......... .......... 81% 94.4M 0s
 71150K .......... .......... .......... .......... .......... 81%  134M 0s
 71200K .......... .......... .......... .......... .......... 81%  116M 0s
 71250K .......... .......... .......... .......... .......... 81% 93.9M 0s
 71300K .......... .......... .......... .......... .......... 81% 90.0M 0s
 71350K .......... .......... .......... .......... .......... 81%  139M 0s
 71400K .......... .......... .......... .......... .......... 81%  108M 0s
 71450K .......... .......... .......... .......... .......... 81%  118M 0s
 71500K .......... .......... .......... .......... .......... 82%  115M 0s
 71550K .......... .......... .......... .......... .......... 82% 84.0M 0s
 71600K .......... .......... .......... .......... .......... 82%  163M 0s
 71650K .......... .......... .......... .......... .......... 82%  117M 0s
 71700K .......... .......... .......... .......... .......... 82% 95.6M 0s
 71750K .......... .......... .......... .......... .......... 82%  112M 0s
 71800K .......... .......... .......... .......... .......... 82% 93.8M 0s
 71850K .......... .......... .......... .......... .......... 82%  134M 0s
 71900K .......... .......... .......... .......... .......... 82%  105M 0s
 71950K .......... .......... .......... .......... .......... 82%  103M 0s
 72000K .......... .......... .......... .......... .......... 82% 97.3M 0s
 72050K .......... .......... .......... .......... .......... 82%  126M 0s
 72100K .......... .......... .......... .......... .......... 82% 93.2M 0s
 72150K .......... .......... .......... .......... .......... 82%  130M 0s
 72200K .......... .......... .......... .......... .......... 82% 85.2M 0s
 72250K .......... .......... .......... .......... .......... 82%  171M 0s
 72300K .......... .......... .......... .......... .......... 82%  105M 0s
 72350K .......... .......... .......... .......... .......... 82%  107M 0s
 72400K .......... .......... .......... .......... .......... 83%  111M 0s
 72450K .......... .......... .......... .......... .......... 83% 95.3M 0s
 72500K .......... .......... .......... .......... .......... 83%  147M 0s
 72550K .......... .......... .......... .......... .......... 83% 80.6M 0s
 72600K .......... .......... .......... .......... .......... 83%  127M 0s
 72650K .......... .......... .......... .......... .......... 83% 92.1M 0s
 72700K .......... .......... .......... .......... .......... 83%  170M 0s
 72750K .......... .......... .......... .......... .......... 83% 74.9M 0s
 72800K .......... .......... .......... .......... .......... 83%  152M 0s
 72850K .......... .......... .......... .......... .......... 83%  116M 0s
 72900K .......... .......... .......... .......... .......... 83%  107M 0s
 72950K .......... .......... .......... .......... .......... 83%  116M 0s
 73000K .......... .......... .......... .......... .......... 83% 91.5M 0s
 73050K .......... .......... .......... .......... .......... 83%  131M 0s
 73100K .......... .......... .......... .......... .......... 83% 89.4M 0s
 73150K .......... .......... .......... .......... .......... 83%  116M 0s
 73200K .......... .......... .......... .......... .......... 83% 94.8M 0s
 73250K .......... .......... .......... .......... .......... 84%  151M 0s
 73300K .......... .......... .......... .......... .......... 84%  117M 0s
 73350K .......... .......... .......... .......... .......... 84% 99.6M 0s
 73400K .......... .......... .......... .......... .......... 84%  124M 0s
 73450K .......... .......... .......... .......... .......... 84% 92.3M 0s
 73500K .......... .......... .......... .......... .......... 84%  144M 0s
 73550K .......... .......... .......... .......... .......... 84% 78.4M 0s
 73600K .......... .......... .......... .......... .......... 84%  129M 0s
 73650K .......... .......... .......... .......... .......... 84%  103M 0s
 73700K .......... .......... .......... .......... .......... 84%  128M 0s
 73750K .......... .......... .......... .......... .......... 84% 85.7M 0s
 73800K .......... .......... .......... .......... .......... 84%  144M 0s
 73850K .......... .......... .......... .......... .......... 84%  161M 0s
 73900K .......... .......... .......... .......... .......... 84% 80.7M 0s
 73950K .......... .......... .......... .......... .......... 84% 86.5M 0s
 74000K .......... .......... .......... .......... .......... 84%  147M 0s
 74050K .......... .......... .......... .......... .......... 84%  120M 0s
 74100K .......... .......... .......... .......... .......... 84% 89.6M 0s
 74150K .......... .......... .......... .......... .......... 85%  138M 0s
 74200K .......... .......... .......... .......... .......... 85%  108M 0s
 74250K .......... .......... .......... .......... .......... 85%  119M 0s
 74300K .......... .......... .......... .......... .......... 85%  116M 0s
 74350K .......... .......... .......... .......... .......... 85% 84.7M 0s
 74400K .......... .......... .......... .......... .......... 85% 97.0M 0s
 74450K .......... .......... .......... .......... .......... 85%  149M 0s
 74500K .......... .......... .......... .......... .......... 85%  111M 0s
 74550K .......... .......... .......... .......... .......... 85% 97.7M 0s
 74600K .......... .......... .......... .......... .......... 85%  117M 0s
 74650K .......... .......... .......... .......... .......... 85% 96.8M 0s
 74700K .......... .......... .......... .......... .......... 85%  129M 0s
 74750K .......... .......... .......... .......... .......... 85% 83.4M 0s
 74800K .......... .......... .......... .......... .......... 85%  123M 0s
 74850K .......... .......... .......... .......... .......... 85%  108M 0s
 74900K .......... .......... .......... .......... .......... 85%  146M 0s
 74950K .......... .......... .......... .......... .......... 85%  102M 0s
 75000K .......... .......... .......... .......... .......... 86%  109M 0s
 75050K .......... .......... .......... .......... .......... 86%  114M 0s
 75100K .......... .......... .......... .......... .......... 86% 97.1M 0s
 75150K .......... .......... .......... .......... .......... 86%  113M 0s
 75200K .......... .......... .......... .......... .......... 86% 92.8M 0s
 75250K .......... .......... .......... .......... .......... 86%  128M 0s
 75300K .......... .......... .......... .......... .......... 86% 96.4M 0s
 75350K .......... .......... .......... .......... .......... 86%  139M 0s
 75400K .......... .......... .......... .......... .......... 86%  105M 0s
 75450K .......... .......... .......... .......... .......... 86%  118M 0s
 75500K .......... .......... .......... .......... .......... 86%  116M 0s
 75550K .......... .......... .......... .......... .......... 86% 85.5M 0s
 75600K .......... .......... .......... .......... .......... 86%  134M 0s
 75650K .......... .......... .......... .......... .......... 86% 89.9M 0s
 75700K .......... .......... .......... .......... .......... 86%  132M 0s
 75750K .......... .......... .......... .......... .......... 86% 84.0M 0s
 75800K .......... .......... .......... .......... .......... 86%  171M 0s
 75850K .......... .......... .......... .......... .......... 86%  106M 0s
 75900K .......... .......... .......... .......... .......... 87% 98.4M 0s
 75950K .......... .......... .......... .......... .......... 87%  115M 0s
 76000K .......... .......... .......... .......... .......... 87%  101M 0s
 76050K .......... .......... .......... .......... .......... 87%  131M 0s
 76100K .......... .......... .......... .......... .......... 87% 91.5M 0s
 76150K .......... .......... .......... .......... .......... 87%  123M 0s
 76200K .......... .......... .......... .......... .......... 87% 87.3M 0s
 76250K .......... .......... .......... .......... .......... 87%  170M 0s
 76300K .......... .......... .......... .......... .......... 87%  106M 0s
 76350K .......... .......... .......... .......... .......... 87% 88.6M 0s
 76400K .......... .......... .......... .......... .......... 87%  143M 0s
 76450K .......... .......... .......... .......... .......... 87% 97.3M 0s
 76500K .......... .......... .......... .......... .......... 87%  129M 0s
 76550K .......... .......... .......... .......... .......... 87% 87.3M 0s
 76600K .......... .......... .......... .......... .......... 87%  127M 0s
 76650K .......... .......... .......... .......... .......... 87% 91.7M 0s
 76700K .......... .......... .......... .......... .......... 87%  171M 0s
 76750K .......... .......... .......... .......... .......... 88% 94.2M 0s
 76800K .......... .......... .......... .......... .......... 88% 97.3M 0s
 76850K .......... .......... .......... .......... .......... 88%  129M 0s
 76900K .......... .......... .......... .......... .......... 88%  105M 0s
 76950K .......... .......... .......... .......... .......... 88%  121M 0s
 77000K .......... .......... .......... .......... .......... 88% 90.9M 0s
 77050K .......... .......... .......... .......... .......... 88%  127M 0s
 77100K .......... .......... .......... .......... .......... 88% 90.3M 0s
 77150K .......... .......... .......... .......... .......... 88%  132M 0s
 77200K .......... .......... .......... .......... .......... 88% 92.7M 0s
 77250K .......... .......... .......... .......... .......... 88%  156M 0s
 77300K .......... .......... .......... .......... .......... 88%  117M 0s
 77350K .......... .......... .......... .......... .......... 88% 88.3M 0s
 77400K .......... .......... .......... .......... .......... 88%  131M 0s
 77450K .......... .......... .......... .......... .......... 88% 91.7M 0s
 77500K .......... .......... .......... .......... .......... 88%  130M 0s
 77550K .......... .......... .......... .......... .......... 88% 81.3M 0s
 77600K .......... .......... .......... .......... .......... 88%  131M 0s
 77650K .......... .......... .......... .......... .......... 89%  104M 0s
 77700K .......... .......... .......... .......... .......... 89%  146M 0s
 77750K .......... .......... .......... .......... .......... 89% 99.5M 0s
 77800K .......... .......... .......... .......... .......... 89%  107M 0s
 77850K .......... .......... .......... .......... .......... 89%  131M 0s
 77900K .......... .......... .......... .......... .......... 89% 89.0M 0s
 77950K .......... .......... .......... .......... .......... 89%  137M 0s
 78000K .......... .......... .......... .......... .......... 89%  114M 0s
 78050K .......... .......... .......... .......... .......... 89% 94.7M 0s
 78100K .......... .......... .......... .......... .......... 89% 96.7M 0s
 78150K .......... .......... .......... .......... .......... 89%  134M 0s
 78200K .......... .......... .......... .......... .......... 89% 99.1M 0s
 78250K .......... .......... .......... .......... .......... 89% 96.9M 0s
 78300K .......... .......... .......... .......... .......... 89%  170M 0s
 78350K .......... .......... .......... .......... .......... 89% 80.9M 0s
 78400K .......... .......... .......... .......... .......... 89%  133M 0s
 78450K .......... .......... .......... .......... .......... 89% 90.4M 0s
 78500K .......... .......... .......... .......... .......... 90%  132M 0s
 78550K .......... .......... .......... .......... .......... 90% 84.9M 0s
 78600K .......... .......... .......... .......... .......... 90%  170M 0s
 78650K .......... .......... .......... .......... .......... 90%  104M 0s
 78700K .......... .......... .......... .......... .......... 90%  123M 0s
 78750K .......... .......... .......... .......... .......... 90%  104M 0s
 78800K .......... .......... .......... .......... .......... 90% 91.7M 0s
 78850K .......... .......... .......... .......... .......... 90%  131M 0s
 78900K .......... .......... .......... .......... .......... 90% 90.0M 0s
 78950K .......... .......... .......... .......... .......... 90%  132M 0s
 79000K .......... .......... .......... .......... .......... 90% 84.1M 0s
 79050K .......... .......... .......... .......... .......... 90%  171M 0s
 79100K .......... .......... .......... .......... .......... 90%  105M 0s
 79150K .......... .......... .......... .......... .......... 90% 89.8M 0s
 79200K .......... .......... .......... .......... .......... 90%  133M 0s
 79250K .......... .......... .......... .......... .......... 90%  102M 0s
 79300K .......... .......... .......... .......... .......... 90%  128M 0s
 79350K .......... .......... .......... .......... .......... 90% 87.6M 0s
 79400K .......... .......... .......... .......... .......... 91%  125M 0s
 79450K .......... .......... .......... .......... .......... 91% 94.5M 0s
 79500K .......... .......... .......... .......... .......... 91%  170M 0s
 79550K .......... .......... .......... .......... .......... 91% 76.8M 0s
 79600K .......... .......... .......... .......... .......... 91%  165M 0s
 79650K .......... .......... .......... .......... .......... 91%  118M 0s
 79700K .......... .......... .......... .......... .......... 91% 92.5M 0s
 79750K .......... .......... .......... .......... .......... 91%  123M 0s
 79800K .......... .......... .......... .......... .......... 91% 90.8M 0s
 79850K .......... .......... .......... .......... .......... 91%  132M 0s
 79900K .......... .......... .......... .......... .......... 91% 90.1M 0s
 79950K .......... .......... .......... .......... .......... 91%  113M 0s
 80000K .......... .......... .......... .......... .......... 91%  102M 0s
 80050K .......... .......... .......... .......... .......... 91%  149M 0s
 80100K .......... .......... .......... .......... .......... 91%  127M 0s
 80150K .......... .......... .......... .......... .......... 91% 86.9M 0s
 80200K .......... .......... .......... .......... .......... 91%  131M 0s
 80250K .......... .......... .......... .......... .......... 92% 91.3M 0s
 80300K .......... .......... .......... .......... .......... 92%  129M 0s
 80350K .......... .......... .......... .......... .......... 92% 82.6M 0s
 80400K .......... .......... .......... .......... .......... 92%  129M 0s
 80450K .......... .......... .......... .......... .......... 92%  103M 0s
 80500K .......... .......... .......... .......... .......... 92%  148M 0s
 80550K .......... .......... .......... .......... .......... 92%  109M 0s
 80600K .......... .......... .......... .......... .......... 92% 98.4M 0s
 80650K .......... .......... .......... .......... .......... 92%  122M 0s
 80700K .......... .......... .......... .......... .......... 92% 93.9M 0s
 80750K .......... .......... .......... .......... .......... 92% 84.3M 0s
 80800K .......... .......... .......... .......... .......... 92%  146M 0s
 80850K .......... .......... .......... .......... .......... 92%  110M 0s
 80900K .......... .......... .......... .......... .......... 92%  106M 0s
 80950K .......... .......... .......... .......... .......... 92%  137M 0s
 81000K .......... .......... .......... .......... .......... 92% 98.0M 0s
 81050K .......... .......... .......... .......... .......... 92%  116M 0s
 81100K .......... .......... .......... .......... .......... 93%  127M 0s
 81150K .......... .......... .......... .......... .......... 93% 82.1M 0s
 81200K .......... .......... .......... .......... .......... 93% 95.0M 0s
 81250K .......... .......... .......... .......... .......... 93%  148M 0s
 81300K .......... .......... .......... .......... .......... 93%  113M 0s
 81350K .......... .......... .......... .......... .......... 93% 83.8M 0s
 81400K .......... .......... .......... .......... .......... 93%  171M 0s
 81450K .......... .......... .......... .......... .......... 93% 90.9M 0s
 81500K .......... .......... .......... .......... .......... 93%  124M 0s
 81550K .......... .......... .......... .......... .......... 93% 82.4M 0s
 81600K .......... .......... .......... .......... .......... 93%  171M 0s
 81650K .......... .......... .......... .......... .......... 93%  108M 0s
 81700K .......... .......... .......... .......... .......... 93% 97.0M 0s
 81750K .......... .......... .......... .......... .......... 93%  124M 0s
 81800K .......... .......... .......... .......... .......... 93% 97.8M 0s
 81850K .......... .......... .......... .......... .......... 93%  154M 0s
 81900K .......... .......... .......... .......... .......... 93% 85.8M 0s
 81950K .......... .......... .......... .......... .......... 93%  121M 0s
 82000K .......... .......... .......... .......... .......... 94%  103M 0s
 82050K .......... .......... .......... .......... .......... 94%  116M 0s
 82100K .......... .......... .......... .......... .......... 94% 93.4M 0s
 82150K .......... .......... .......... .......... .......... 94%  144M 0s
 82200K .......... .......... .......... .......... .......... 94% 92.4M 0s
 82250K .......... .......... .......... .......... .......... 94%  112M 0s
 82300K .......... .......... .......... .......... .......... 94%  166M 0s
 82350K .......... .......... .......... .......... .......... 94% 76.0M 0s
 82400K .......... .......... .......... .......... .......... 94%  152M 0s
 82450K .......... .......... .......... .......... .......... 94% 92.6M 0s
 82500K .......... .......... .......... .......... .......... 94%  115M 0s
 82550K .......... .......... .......... .......... .......... 94%  100M 0s
 82600K .......... .......... .......... .......... .......... 94%  141M 0s
 82650K .......... .......... .......... .......... .......... 94%  113M 0s
 82700K .......... .......... .......... .......... .......... 94% 93.7M 0s
 82750K .......... .......... .......... .......... .......... 94% 86.5M 0s
 82800K .......... .......... .......... .......... .......... 94%  123M 0s
 82850K .......... .......... .......... .......... .......... 95%  154M 0s
 82900K .......... .......... .......... .......... .......... 95% 91.6M 0s
 82950K .......... .......... .......... .......... .......... 95% 97.0M 0s
 83000K .......... .......... .......... .......... .......... 95%  103M 0s
 83050K .......... .......... .......... .......... .......... 95%  163M 0s
 83100K .......... .......... .......... .......... .......... 95% 99.9M 0s
 83150K .......... .......... .......... .......... .......... 95%  102M 0s
 83200K .......... .......... .......... .......... .......... 95%  122M 0s
 83250K .......... .......... .......... .......... .......... 95% 96.0M 0s
 83300K .......... .......... .......... .......... .......... 95%  134M 0s
 83350K .......... .......... .......... .......... .......... 95% 84.6M 0s
 83400K .......... .......... .......... .......... .......... 95% 94.7M 0s
 83450K .......... .......... .......... .......... .......... 95%  156M 0s
 83500K .......... .......... .......... .......... .......... 95% 93.0M 0s
 83550K .......... .......... .......... .......... .......... 95% 77.8M 0s
 83600K .......... .......... .......... .......... .......... 95%  158M 0s
 83650K .......... .......... .......... .......... .......... 95%  170M 0s
 83700K .......... .......... .......... .......... .......... 95% 89.3M 0s
 83750K .......... .......... .......... .......... .......... 96%  154M 0s
 83800K .......... .......... .......... .......... .......... 96% 79.5M 0s
 83850K .......... .......... .......... .......... .......... 96%  164M 0s
 83900K .......... .......... .......... .......... .......... 96%  101M 0s
 83950K .......... .......... .......... .......... .......... 96% 89.5M 0s
 84000K .......... .......... .......... .......... .......... 96% 94.3M 0s
 84050K .......... .......... .......... .......... .......... 96%  158M 0s
 84100K .......... .......... .......... .......... .......... 96%  109M 0s
 84150K .......... .......... .......... .......... .......... 96% 90.5M 0s
 84200K .......... .......... .......... .......... .......... 96%  168M 0s
 84250K .......... .......... .......... .......... .......... 96% 90.4M 0s
 84300K .......... .......... .......... .......... .......... 96%  160M 0s
 84350K .......... .......... .......... .......... .......... 96% 70.5M 0s
 84400K .......... .......... .......... .......... .......... 96%  167M 0s
 84450K .......... .......... .......... .......... .......... 96% 99.2M 0s
 84500K .......... .......... .......... .......... .......... 96%  111M 0s
 84550K .......... .......... .......... .......... .......... 96%  144M 0s
 84600K .......... .......... .......... .......... .......... 97% 90.0M 0s
 84650K .......... .......... .......... .......... .......... 97%  158M 0s
 84700K .......... .......... .......... .......... .......... 97%  100M 0s
 84750K .......... .......... .......... .......... .......... 97% 90.1M 0s
 84800K .......... .......... .......... .......... .......... 97% 91.7M 0s
 84850K .......... .......... .......... .......... .......... 97%  135M 0s
 84900K .......... .......... .......... .......... .......... 97% 94.4M 0s
 84950K .......... .......... .......... .......... .......... 97%  141M 0s
 85000K .......... .......... .......... .......... .......... 97% 99.5M 0s
 85050K .......... .......... .......... .......... .......... 97%  108M 0s
 85100K .......... .......... .......... .......... .......... 97%  169M 0s
 85150K .......... .......... .......... .......... .......... 97% 78.2M 0s
 85200K .......... .......... .......... .......... .......... 97%  126M 0s
 85250K .......... .......... .......... .......... .......... 97% 91.5M 0s
 85300K .......... .......... .......... .......... .......... 97%  140M 0s
 85350K .......... .......... .......... .......... .......... 97% 77.6M 0s
 85400K .......... .......... .......... .......... .......... 97%  169M 0s
 85450K .......... .......... .......... .......... .......... 97% 99.8M 0s
 85500K .......... .......... .......... .......... .......... 98%  101M 0s
 85550K .......... .......... .......... .......... .......... 98%  141M 0s
 85600K .......... .......... .......... .......... .......... 98% 93.8M 0s
 85650K .......... .......... .......... .......... .......... 98%  149M 0s
 85700K .......... .......... .......... .......... .......... 98% 84.5M 0s
 85750K .......... .......... .......... .......... .......... 98%  138M 0s
 85800K .......... .......... .......... .......... .......... 98% 92.4M 0s
 85850K .......... .......... .......... .......... .......... 98%  157M 0s
 85900K .......... .......... .......... .......... .......... 98% 89.0M 0s
 85950K .......... .......... .......... .......... .......... 98%  121M 0s
 86000K .......... .......... .......... .......... .......... 98%  100M 0s
 86050K .......... .......... .......... .......... .......... 98%  102M 0s
 86100K .......... .......... .......... .......... .......... 98% 93.1M 0s
 86150K .......... .......... .......... .......... .......... 98%  139M 0s
 86200K .......... .......... .......... .......... .......... 98%  111M 0s
 86250K .......... .......... .......... .......... .......... 98%  100M 0s
 86300K .......... .......... .......... .......... .......... 98%  167M 0s
 86350K .......... .......... .......... .......... .......... 99% 67.9M 0s
 86400K .......... .......... .......... .......... .......... 99%  156M 0s
 86450K .......... .......... .......... .......... .......... 99% 92.4M 0s
 86500K .......... .......... .......... .......... .......... 99%  169M 0s
 86550K .......... .......... .......... .......... .......... 99% 97.1M 0s
 86600K .......... .......... .......... .......... .......... 99%  101M 0s
 86650K .......... .......... .......... .......... .......... 99%  158M 0s
 86700K .......... .......... .......... .......... .......... 99% 88.6M 0s
 86750K .......... .......... .......... .......... .......... 99% 95.4M 0s
 86800K .......... .......... .......... .......... .......... 99%  105M 0s
 86850K .......... .......... .......... .......... .......... 99%  152M 0s
 86900K .......... .......... .......... .......... .......... 99% 85.5M 0s
 86950K .......... .......... .......... .......... .......... 99%  152M 0s
 87000K .......... .......... .......... .......... .......... 99%  103M 0s
 87050K .......... .......... .......... .......... .......... 99%  100M 0s
 87100K .......... .......... .......... .......... .......... 99%  154M 0s
 87150K .......... .......... .......... .......... .......... 99% 83.8M 0s
 87200K .......... .......... .......... .......... .......... 99%  105M 0s
 87250K ....                                                  100% 9.09T=0.9s

2021-12-20 19:20:09 (92.2 MB/s) - ‘google-chrome-stable_current_amd64.deb’ saved [89348996/89348996]

xauth:  file /home/m/.Xauthority does not exist


X.Org X Server 1.20.11
X Protocol Version 11, Revision 0
Build Operating System: linux Debian
Current Operating System: Linux good 5.10.0-10-amd64 #1 SMP Debian 5.10.84-1 (2021-12-08) x86_64
Kernel command line: BOOT_IMAGE=/boot/vmlinuz-5.10.0-10-amd64 root=UUID=59f3612b-aefc-4aa8-89ba-976e8c6fb03e ro quiet
Build Date: 13 April 2021  04:07:31PM
xorg-server 2:1.20.11-1 (https://www.debian.org/support) 
Current version of pixman: 0.40.0
	Before reporting problems, check http://wiki.x.org
	to make sure that you have the latest version.
Markers: (--) probed, (**) from config file, (==) default setting,
	(++) from command line, (!!) notice, (II) informational,
	(WW) warning, (EE) error, (NI) not implemented, (??) unknown.
(==) Log file: "/home/m/.local/share/xorg/Xorg.0.log", Time: Mon Dec 20 19:22:03 2021
(==) Using system config directory "/usr/share/X11/xorg.conf.d"
xf86EnableIOPorts: failed to set IOPL for I/O (Operation not permitted)
(II) modeset(0): Initializing kms color map for depth 24, 8 bpc.
xinit: connection to X server lost

waiting for X server to shut down (II) Server terminated successfully (0). Closing log file.

xinit: unexpected signal 15
Couldn't get a file descriptor referring to the console.
